Component: ARM Compiler 5.06 update 1 (build 61) Tool: armlink [4d35a8]

==============================================================================

Section Cross References

    startup_stm32l151xba.o(RESET) refers to startup_stm32l151xba.o(STACK) for __initial_sp
    startup_stm32l151xba.o(RESET) refers to startup_stm32l151xba.o(.text) for Reset_Handler
    startup_stm32l151xba.o(RESET) refers to stm32l1xx_it.o(i.NMI_Handler) for NMI_Handler
    startup_stm32l151xba.o(RESET) refers to stm32l1xx_it.o(i.HardFault_Handler) for HardFault_Handler
    startup_stm32l151xba.o(RESET) refers to stm32l1xx_it.o(i.MemManage_Handler) for MemManage_Handler
    startup_stm32l151xba.o(RESET) refers to stm32l1xx_it.o(i.BusFault_Handler) for BusFault_Handler
    startup_stm32l151xba.o(RESET) refers to stm32l1xx_it.o(i.UsageFault_Handler) for UsageFault_Handler
    startup_stm32l151xba.o(RESET) refers to stm32l1xx_it.o(i.SVC_Handler) for SVC_Handler
    startup_stm32l151xba.o(RESET) refers to stm32l1xx_it.o(i.DebugMon_Handler) for DebugMon_Handler
    startup_stm32l151xba.o(RESET) refers to stm32l1xx_it.o(i.PendSV_Handler) for PendSV_Handler
    startup_stm32l151xba.o(RESET) refers to stm32l1xx_it.o(i.SysTick_Handler) for SysTick_Handler
    startup_stm32l151xba.o(RESET) refers to stm32l1xx_it.o(i.DMA1_Channel4_IRQHandler) for DMA1_Channel4_IRQHandler
    startup_stm32l151xba.o(RESET) refers to stm32l1xx_it.o(i.DMA1_Channel5_IRQHandler) for DMA1_Channel5_IRQHandler
    startup_stm32l151xba.o(RESET) refers to stm32l1xx_it.o(i.DMA1_Channel6_IRQHandler) for DMA1_Channel6_IRQHandler
    startup_stm32l151xba.o(RESET) refers to stm32l1xx_it.o(i.DMA1_Channel7_IRQHandler) for DMA1_Channel7_IRQHandler
    startup_stm32l151xba.o(RESET) refers to stm32l1xx_it.o(i.USART1_IRQHandler) for USART1_IRQHandler
    startup_stm32l151xba.o(RESET) refers to stm32l1xx_it.o(i.USART2_IRQHandler) for USART2_IRQHandler
    startup_stm32l151xba.o(.text) refers to system_stm32l1xx.o(i.SystemInit) for SystemInit
    startup_stm32l151xba.o(.text) refers to entry.o(.ARM.Collect$$$$00000000) for __main
    main.o(i.SystemClock_Config) refers to memseta.o(.text) for __aeabi_memclr4
    main.o(i.SystemClock_Config) refers to stm32l1xx_hal_rcc.o(i.HAL_RCC_OscConfig) for HAL_RCC_OscConfig
    main.o(i.SystemClock_Config) refers to stm32l1xx_hal_rcc.o(i.HAL_RCC_ClockConfig) for HAL_RCC_ClockConfig
    main.o(i.SystemClock_Config) refers to stm32l1xx_hal_rcc_ex.o(i.HAL_RCCEx_PeriphCLKConfig) for HAL_RCCEx_PeriphCLKConfig
    main.o(i.main) refers to stm32l1xx_hal.o(i.HAL_Init) for HAL_Init
    main.o(i.main) refers to main.o(i.SystemClock_Config) for SystemClock_Config
    main.o(i.main) refers to gpio.o(i.MX_GPIO_Init) for MX_GPIO_Init
    main.o(i.main) refers to dma.o(i.MX_DMA_Init) for MX_DMA_Init
    main.o(i.main) refers to i2c.o(i.MX_I2C2_Init) for MX_I2C2_Init
    main.o(i.main) refers to spi.o(i.MX_SPI1_Init) for MX_SPI1_Init
    main.o(i.main) refers to spi.o(i.MX_SPI2_Init) for MX_SPI2_Init
    main.o(i.main) refers to usart.o(i.MX_USART1_UART_Init) for MX_USART1_UART_Init
    main.o(i.main) refers to usart.o(i.MX_USART2_UART_Init) for MX_USART2_UART_Init
    main.o(i.main) refers to segger_rtt_printf.o(i.SEGGER_RTT_printf) for SEGGER_RTT_printf
    main.o(i.main) refers to gpio.o(i.delay_ms) for delay_ms
    main.o(i.main) refers to driver_iic_sht30.o(i.I2C_SHT30_Init) for I2C_SHT30_Init
    main.o(i.main) refers to userapp_sht30.o(i.ReadTemHumTaskInit) for ReadTemHumTaskInit
    main.o(i.main) refers to lora_driver.o(i.Lora_Ctx_Init) for Lora_Ctx_Init
    main.o(i.main) refers to stm32l1xx_hal_gpio.o(i.HAL_GPIO_ReadPin) for HAL_GPIO_ReadPin
    main.o(i.main) refers to product_test.o(i.product_test_process) for product_test_process
    main.o(i.main) refers to product_test.o(i.get_product_flag) for get_product_flag
    main.o(i.main) refers to lora_driver.o(i.Lora_fsm) for Lora_fsm
    gpio.o(i.Find_String) refers to strlen.o(.text) for strlen
    gpio.o(i.MX_GPIO_Init) refers to memseta.o(.text) for __aeabi_memclr4
    gpio.o(i.MX_GPIO_Init) refers to stm32l1xx_hal_gpio.o(i.HAL_GPIO_Init) for HAL_GPIO_Init
    gpio.o(i.MX_GPIO_Init) refers to stm32l1xx_hal_gpio.o(i.HAL_GPIO_WritePin) for HAL_GPIO_WritePin
    gpio.o(i.delay_ms) refers to stm32l1xx_hal.o(i.HAL_Delay) for HAL_Delay
    gpio.o(i.delay_us) refers to stm32l1xx_hal.o(i.HAL_Delay) for HAL_Delay
    dma.o(i.MX_DMA_Init) refers to stm32l1xx_hal_cortex.o(i.HAL_NVIC_SetPriority) for HAL_NVIC_SetPriority
    dma.o(i.MX_DMA_Init) refers to stm32l1xx_hal_cortex.o(i.HAL_NVIC_EnableIRQ) for HAL_NVIC_EnableIRQ
    i2c.o(i.HAL_I2C_MspDeInit) refers to stm32l1xx_hal_gpio.o(i.HAL_GPIO_DeInit) for HAL_GPIO_DeInit
    i2c.o(i.HAL_I2C_MspInit) refers to memseta.o(.text) for __aeabi_memclr4
    i2c.o(i.HAL_I2C_MspInit) refers to stm32l1xx_hal_gpio.o(i.HAL_GPIO_Init) for HAL_GPIO_Init
    i2c.o(i.MX_I2C2_Init) refers to stm32l1xx_hal_i2c.o(i.HAL_I2C_Init) for HAL_I2C_Init
[...]
    ..\Drivers\STM32L1xx_HAL_Driver\Src\stm32l1xx_hal.c 0x00000000   Number         0  stm32l1xx_hal.o ABSOLUTE
    ..\Drivers\STM32L1xx_HAL_Driver\Src\stm32l1xx_hal_cortex.c 0x00000000   Number         0  stm32l1xx_hal_cortex.o ABSOLUTE
    ..\Drivers\STM32L1xx_HAL_Driver\Src\stm32l1xx_hal_dma.c 0x00000000   Number         0  stm32l1xx_hal_dma.o ABSOLUTE
    ..\Drivers\STM32L1xx_HAL_Driver\Src\stm32l1xx_hal_flash.c 0x00000000   Number         0  stm32l1xx_hal_flash.o ABSOLUTE
    ..\Drivers\STM32L1xx_HAL_Driver\Src\stm32l1xx_hal_flash_ex.c 0x00000000   Number         0  stm32l1xx_hal_flash_ex.o ABSOLUTE
    ..\Drivers\STM32L1xx_HAL_Driver\Src\stm32l1xx_hal_flash_ramfunc.c 0x00000000   Number         0  stm32l1xx_hal_flash_ramfunc.o ABSOLUTE
    ..\Drivers\STM32L1xx_HAL_Driver\Src\stm32l1xx_hal_gpio.c 0x00000000   Number         0  stm32l1xx_hal_gpio.o ABSOLUTE
    ..\Drivers\STM32L1xx_HAL_Driver\Src\stm32l1xx_hal_i2c.c 0x00000000   Number         0  stm32l1xx_hal_i2c.o ABSOLUTE
    ..\Drivers\STM32L1xx_HAL_Driver\Src\stm32l1xx_hal_pwr.c 0x00000000   Number         0  stm32l1xx_hal_pwr.o ABSOLUTE
    ..\Drivers\STM32L1xx_HAL_Driver\Src\stm32l1xx_hal_pwr_ex.c 0x00000000   Number         0  stm32l1xx_hal_pwr_ex.o ABSOLUTE
    ..\Drivers\STM32L1xx_HAL_Driver\Src\stm32l1xx_hal_rcc.c 0x00000000   Number         0  stm32l1xx_hal_rcc.o ABSOLUTE
    ..\Drivers\STM32L1xx_HAL_Driver\Src\stm32l1xx_hal_rcc_ex.c 0x00000000   Number         0  stm32l1xx_hal_rcc_ex.o ABSOLUTE
    ..\Drivers\STM32L1xx_HAL_Driver\Src\stm32l1xx_hal_rtc.c 0x00000000   Number         0  stm32l1xx_hal_rtc.o ABSOLUTE
    ..\Drivers\STM32L1xx_HAL_Driver\Src\stm32l1xx_hal_rtc_ex.c 0x00000000   Number         0  stm32l1xx_hal_rtc_ex.o ABSOLUTE
    ..\Drivers\STM32L1xx_HAL_Driver\Src\stm32l1xx_hal_spi.c 0x00000000   Number         0  stm32l1xx_hal_spi.o ABSOLUTE
    ..\Drivers\STM32L1xx_HAL_Driver\Src\stm32l1xx_hal_tim.c 0x00000000   Number         0  stm32l1xx_hal_tim.o ABSOLUTE
    ..\Drivers\STM32L1xx_HAL_Driver\Src\stm32l1xx_hal_tim_ex.c 0x00000000   Number         0  stm32l1xx_hal_tim_ex.o ABSOLUTE
    ..\Drivers\STM32L1xx_HAL_Driver\Src\stm32l1xx_hal_uart.c 0x00000000   Number         0  stm32l1xx_hal_uart.o ABSOLUTE
    ..\Drivers\segger_rtt\SEGGER_RTT.c       0x00000000   Number         0  segger_rtt.o ABSOLUTE
    ..\Drivers\segger_rtt\SEGGER_RTT_printf.c 0x00000000   Number         0  segger_rtt_printf.o ABSOLUTE
    ..\Src\dma.c                             0x00000000   Number         0  dma.o ABSOLUTE
    ..\Src\gpio.c                            0x00000000   Number         0  gpio.o ABSOLUTE
    ..\Src\i2c.c                             0x00000000   Number         0  i2c.o ABSOLUTE
    ..\Src\main.c                            0x00000000   Number         0  main.o ABSOLUTE
    ..\Src\product_test.c                    0x00000000   Number         0  product_test.o ABSOLUTE
    ..\Src\spi.c                             0x00000000   Number         0  spi.o ABSOLUTE
    ..\Src\stm32l1xx_hal_msp.c               0x00000000   Number         0  stm32l1xx_hal_msp.o ABSOLUTE
    ..\Src\stm32l1xx_it.c                    0x00000000   Number         0  stm32l1xx_it.o ABSOLUTE
    ..\Src\system_stm32l1xx.c                0x00000000   Number         0  system_stm32l1xx.o ABSOLUTE
    ..\Src\usart.c                           0x00000000   Number         0  usart.o ABSOLUTE
    ..\\Drivers\\AT_Mstaer\\lora_driver.c    0x00000000   Number         0  lora_driver.o ABSOLUTE
    ..\\Drivers\\AT_Mstaer\\lrwan_ns1_atcmd.c 0x00000000   Number         0  lrwan_ns1_atcmd.o ABSOLUTE
    ..\\Drivers\\SHT30\\Driver_IIC_SHT30.c   0x00000000   Number         0  driver_iic_sht30.o ABSOLUTE
    ..\\Drivers\\SHT30\\UserApp_Sht30.c      0x00000000   Number         0  userapp_sht30.o ABSOLUTE
    ..\\Src\\product_test.c                  0x00000000   Number         0  product_test.o ABSOLUTE
    dc.s                                     0x00000000   Number         0  dc.o ABSOLUTE
    handlers.s                               0x00000000   Number         0  handlers.o ABSOLUTE
    init.s                                   0x00000000   Number         0  init.o ABSOLUTE
    startup_stm32l151xba.s                   0x00000000   Number         0  startup_stm32l151xba.o ABSOLUTE
    RESET                                    0x08000000   Section      244  startup_stm32l151xba.o(RESET)
    .ARM.Collect$$$$00000000                 0x080000f4   Section        0  entry.o(.ARM.Collect$$$$00000000)
    .ARM.Collect$$$$00000001                 0x080000f4   Section        4  entry2.o(.ARM.Collect$$$$00000001)
    .ARM.Collect$$$$00000004                 0x080000f8   Section        4  entry5.o(.ARM.Collect$$$$00000004)
    .ARM.Collect$$$$00000008                 0x080000fc   Section        0  entry7b.o(.ARM.Collect$$$$00000008)
    .ARM.Collect$$$$0000000A                 0x080000fc   Section        0  entry8b.o(.ARM.Collect$$$$0000000A)
    .ARM.Collect$$$$0000000B                 0x080000fc   Section        8  entry9a.o(.ARM.Collect$$$$0000000B)
    .ARM.Collect$$$$0000000D                 0x08000104   Section        0  entry10a.o(.ARM.Collect$$$$0000000D)
    .ARM.Collect$$$$0000000F                 0x08000104   Section        0  entry11a.o(.ARM.Collect$$$$0000000F)
    .ARM.Collect$$$$00002712                 0x08000104   Section        4  entry2.o(.ARM.Collect$$$$00002712)
    __lit__00000000                          0x08000104   Data           4  entry2.o(.ARM.Collect$$$$00002712)
    .text                                    0x08000108   Section       36  startup_stm32l151xba.o(.text)
    .text                                    0x0800012c   Section        0  memcpya.o(.text)
    .text                                    0x08000150   Section        0  memseta.o(.text)
    .text                                    0x08000174   Section        0  strlen.o(.text)
    .text                                    0x08000182   Section        0  memcmp.o(.text)
    .text                                    0x0800019c   Section        0  strcpy.o(.text)
    .text                                    0x080001ae   Section        0  strncasecmp.o(.text)
    .text                                    0x080001e0   Section        0  __0sscanf.o(.text)
    .text                                    0x08000218   Section        0  _scanf_int.o(.text)
    .text                                    0x08000364   Section        0  _scanf_str.o(.text)
    .text                                    0x08000444   Section        0  dadd.o(.text)
    .text                                    0x08000592   Section        0  ddiv.o(.text)
    .text                                    0x08000670   Section        0  fflti.o(.text)
    .text                                    0x08000682   Section        0  f2d.o(.text)
    .text                                    0x080006a8   Section        0  d2f.o(.text)
    .text                                    0x080006e0   Section        0  llshl.o(.text)
    .text                                    0x080006fe   Section        0  llushr.o(.text)
    .text                                    0x0800071e   Section        0  llsshr.o(.text)
    .text                                    0x08000742   Section        0  tolower.o(.text)
    .text                                    0x0800074e   Section        0  _chval.o(.text)
    .text                                    0x0800076c   Section        0  scanf_char.o(.text)
    _scanf_char_input                        0x0800076d   Thumb Code    12  scanf_char.o(.text)
    .text                                    0x08000794   Section        0  _sgetc.o(.text)
    .text                                    0x080007d4   Section        0  iusefp.o(.text)
    .text                                    0x080007d4   Section        0  fepilogue.o(.text)
    .text                                    0x08000842   Section        0  depilogue.o(.text)
    .text                                    0x080008fc   Section       36  init.o(.text)
    .text                                    0x08000920   Section        0  isspace_c.o(.text)
    .text                                    0x0800092c   Section        0  _scanf.o(.text)
    .text                                    0x08000c58   Section        0  ctype_c.o(.text)
    .text                                    0x08000c80   Section        0  __dczerorl2.o(.text)
    i.BusFault_Handler                       0x08000cd6   Section        0  stm32l1xx_it.o(i.BusFault_Handler)
    i.DMA1_Channel4_IRQHandler               0x08000cd8   Section        0  stm32l1xx_it.o(i.DMA1_Channel4_IRQHandler)
    i.DMA1_Channel5_IRQHandler               0x08000ce4   Section        0  stm32l1xx_it.o(i.DMA1_Channel5_IRQHandler)
    i.DMA1_Channel6_IRQHandler               0x08000cf0   Section        0  stm32l1xx_it.o(i.DMA1_Channel6_IRQHandler)
    i.DMA1_Channel7_IRQHandler               0x08000cfc   Section        0  stm32l1xx_it.o(i.DMA1_Channel7_IRQHandler)
    i.DMA_SetConfig                          0x08000d08   Section        0  stm32l1xx_hal_dma.o(i.DMA_SetConfig)
    DMA_SetConfig                            0x08000d09   Thumb Code    46  stm32l1xx_hal_dma.o(i.DMA_SetConfig)
    i.DebugMon_Handler                       0x08000d36   Section        0  stm32l1xx_it.o(i.DebugMon_Handler)
    i.Error_Handler                          0x08000d38   Section        0  main.o(i.Error_Handler)
    i.Find_String                            0x08000d3a   Section        0  gpio.o(i.Find_String)
    i.Get_sht30HumValu                       0x08000d84   Section        0  userapp_sht30.o(i.Get_sht30HumValu)
    i.Get_sht30TemValu                       0x08000d90   Section        0  userapp_sht30.o(i.Get_sht30TemValu)
    i.HAL_DMA_Abort                          0x08000d9c   Section        0  stm32l1xx_hal_dma.o(i.HAL_DMA_Abort)
    i.HAL_DMA_Abort_IT                       0x08000de6   Section        0  stm32l1xx_hal_dma.o(i.HAL_DMA_Abort_IT)
    i.HAL_DMA_IRQHandler                     0x08000e34   Section        0  stm32l1xx_hal_dma.o(i.HAL_DMA_IRQHandler)
    i.HAL_DMA_Init                           0x08000ef0   Section        0  stm32l1xx_hal_dma.o(i.HAL_DMA_Init)
    i.HAL_DMA_Start_IT                       0x08000f4c   Section        0  stm32l1xx_hal_dma.o(i.HAL_DMA_Start_IT)
    i.HAL_Delay                              0x08000fbc   Section        0  stm32l1xx_hal.o(i.HAL_Delay)
    i.HAL_GPIO_Init                          0x08000fe0   Section        0  stm32l1xx_hal_gpio.o(i.HAL_GPIO_Init)
    i.HAL_GPIO_ReadPin                       0x0800116c   Section        0  stm32l1xx_hal_gpio.o(i.HAL_GPIO_ReadPin)
    i.HAL_GPIO_TogglePin                     0x08001176   Section        0  stm32l1xx_hal_gpio.o(i.HAL_GPIO_TogglePin)
    i.HAL_GPIO_WritePin                      0x08001182   Section        0  stm32l1xx_hal_gpio.o(i.HAL_GPIO_WritePin)
    i.HAL_GetTick                            0x0800118c   Section        0  stm32l1xx_hal.o(i.HAL_GetTick)
    i.HAL_I2C_Init                           0x08001198   Section        0  stm32l1xx_hal_i2c.o(i.HAL_I2C_Init)
    i.HAL_I2C_MspInit                        0x0800130c   Section        0  i2c.o(i.HAL_I2C_MspInit)
    i.HAL_IncTick                            0x08001378   Section        0  stm32l1xx_hal.o(i.HAL_IncTick)
    i.HAL_Init                               0x08001388   Section        0  stm32l1xx_hal.o(i.HAL_Init)
    i.HAL_InitTick                           0x080013a8   Section        0  stm32l1xx_hal.o(i.HAL_InitTick)
    i.HAL_MspInit                            0x080013ec   Section        0  stm32l1xx_hal_msp.o(i.HAL_MspInit)
    i.HAL_NVIC_EnableIRQ                     0x08001428   Section        0  stm32l1xx_hal_cortex.o(i.HAL_NVIC_EnableIRQ)
    i.HAL_NVIC_SetPriority                   0x08001444   Section        0  stm32l1xx_hal_cortex.o(i.HAL_NVIC_SetPriority)
    i.HAL_NVIC_SetPriorityGrouping           0x08001484   Section        0  stm32l1xx_hal_cortex.o(i.HAL_NVIC_SetPriorityGrouping)
    i.HAL_RCCEx_PeriphCLKConfig              0x080014a8   Section        0  stm32l1xx_hal_rcc_ex.o(i.HAL_RCCEx_PeriphCLKConfig)
    i.HAL_RCC_ClockConfig                    0x080015c8   Section        0  stm32l1xx_hal_rcc.o(i.HAL_RCC_ClockConfig)
    i.HAL_RCC_GetPCLK1Freq                   0x0800176c   Section        0  stm32l1xx_hal_rcc.o(i.HAL_RCC_GetPCLK1Freq)
    i.HAL_RCC_GetPCLK2Freq                   0x0800178c   Section        0  stm32l1xx_hal_rcc.o(i.HAL_RCC_GetPCLK2Freq)
    i.HAL_RCC_GetSysClockFreq                0x080017ac   Section        0  stm32l1xx_hal_rcc.o(i.HAL_RCC_GetSysClockFreq)
    i.HAL_RCC_OscConfig                      0x0800180c   Section        0  stm32l1xx_hal_rcc.o(i.HAL_RCC_OscConfig)
    i.HAL_SPI_Init                           0x08001c34   Section        0  stm32l1xx_hal_spi.o(i.HAL_SPI_Init)
    i.HAL_SPI_MspInit                        0x08001ca8   Section        0  spi.o(i.HAL_SPI_MspInit)
    i.HAL_SYSTICK_Config                     0x08001d50   Section        0  stm32l1xx_hal_cortex.o(i.HAL_SYSTICK_Config)
    i.HAL_UART_DMAStop                       0x08001d78   Section        0  stm32l1xx_hal_uart.o(i.HAL_UART_DMAStop)
    i.HAL_UART_ErrorCallback                 0x08001dd0   Section        0  stm32l1xx_hal_uart.o(i.HAL_UART_ErrorCallback)
    i.HAL_UART_IRQHandler                    0x08001dd4   Section        0  stm32l1xx_hal_uart.o(i.HAL_UART_IRQHandler)
    i.HAL_UART_Init                          0x08001ee4   Section        0  stm32l1xx_hal_uart.o(i.HAL_UART_Init)
    i.HAL_UART_MspInit                       0x08001f48   Section        0  usart.o(i.HAL_UART_MspInit)
    i.HAL_UART_Receive_DMA                   0x080020c4   Section        0  stm32l1xx_hal_uart.o(i.HAL_UART_Receive_DMA)
    i.HAL_UART_RxCpltCallback                0x0800215c   Section        0  stm32l1xx_hal_uart.o(i.HAL_UART_RxCpltCallback)
    i.HAL_UART_RxHalfCpltCallback            0x0800215e   Section        0  stm32l1xx_hal_uart.o(i.HAL_UART_RxHalfCpltCallback)
    i.HAL_UART_Transmit_DMA                  0x08002160   Section        0  stm32l1xx_hal_uart.o(i.HAL_UART_Transmit_DMA)
    i.HAL_UART_TxCpltCallback                0x080021e0   Section        0  usart.o(i.HAL_UART_TxCpltCallback)
    i.HAL_UART_TxHalfCpltCallback            0x08002224   Section        0  stm32l1xx_hal_uart.o(i.HAL_UART_TxHalfCpltCallback)
    i.HardFault_Handler                      0x08002226   Section        0  stm32l1xx_it.o(i.HardFault_Handler)
    i.I2C_SHT30_Ack                          0x08002228   Section        0  driver_iic_sht30.o(i.I2C_SHT30_Ack)
    i.I2C_SHT30_Init                         0x08002270   Section        0  driver_iic_sht30.o(i.I2C_SHT30_Init)
    i.I2C_SHT30_NAck                         0x080022a8   Section        0  driver_iic_sht30.o(i.I2C_SHT30_NAck)
    i.I2C_SHT30_ReadByte                     0x080022f0   Section        0  driver_iic_sht30.o(i.I2C_SHT30_ReadByte)
    i.I2C_SHT30_SendByte                     0x08002364   Section        0  driver_iic_sht30.o(i.I2C_SHT30_SendByte)
    i.I2C_SHT30_Start                        0x080023d8   Section        0  driver_iic_sht30.o(i.I2C_SHT30_Start)
    i.I2C_SHT30_Stop                         0x08002420   Section        0  driver_iic_sht30.o(i.I2C_SHT30_Stop)
    i.I2C_SHT30_WaitAck                      0x0800246c   Section        0  driver_iic_sht30.o(i.I2C_SHT30_WaitAck)
    i.LoRa_GetAppID                          0x080024d4   Section        0  lora_driver.o(i.LoRa_GetAppID)
    i.LoRa_GetDeviceAddress                  0x08002504   Section        0  lora_driver.o(i.LoRa_GetDeviceAddress)
    i.LoRa_GetDeviceID                       0x08002534   Section        0  lora_driver.o(i.LoRa_GetDeviceID)
    i.LoRa_GetKey                            0x08002564   Section        0  lora_driver.o(i.LoRa_GetKey)
    i.LoRa_SetKey                            0x080025d0   Section        0  lora_driver.o(i.LoRa_SetKey)
    i.Lora_Ctx_Init                          0x080025dc   Section        0  lora_driver.o(i.Lora_Ctx_Init)
    i.Lora_Init                              0x08002610   Section        0  lora_driver.o(i.Lora_Init)
    i.Lora_Join                              0x0800262a   Section        0  lora_driver.o(i.Lora_Join)
    i.Lora_SendDataBin                       0x08002648   Section        0  lora_driver.o(i.Lora_SendDataBin)
    i.Lora_SetATE                            0x0800265a   Section        0  lora_driver.o(i.Lora_SetATE)
    i.Lora_SetAdaptiveDataRate               0x0800266a   Section        0  lora_driver.o(i.Lora_SetAdaptiveDataRate)
    i.Lora_SetClass                          0x0800267a   Section        0  lora_driver.o(i.Lora_SetClass)
    i.Lora_SetDataRate                       0x0800268a   Section        0  lora_driver.o(i.Lora_SetDataRate)
    i.Lora_SetJoinMode                       0x0800269a   Section        0  lora_driver.o(i.Lora_SetJoinMode)
    i.Lora_SetSendMsgConfirm                 0x080026aa   Section        0  lora_driver.o(i.Lora_SetSendMsgConfirm)
    i.Lora_fsm                               0x080026bc   Section        0  lora_driver.o(i.Lora_fsm)
    i.MX_DMA_Init                            0x08002aac   Section        0  dma.o(i.MX_DMA_Init)
    i.MX_GPIO_Init                           0x08002b08   Section        0  gpio.o(i.MX_GPIO_Init)
    i.MX_I2C2_Init                           0x08002bac   Section        0  i2c.o(i.MX_I2C2_Init)
    i.MX_SPI1_Init                           0x08002bec   Section        0  spi.o(i.MX_SPI1_Init)
    i.MX_SPI2_Init                           0x08002c30   Section        0  spi.o(i.MX_SPI2_Init)
    i.MX_USART1_UART_Init                    0x08002c74   Section        0  usart.o(i.MX_USART1_UART_Init)
    i.MX_USART2_UART_Init                    0x08002cc4   Section        0  usart.o(i.MX_USART2_UART_Init)
    i.MemManage_Handler                      0x08002d14   Section        0  stm32l1xx_it.o(i.MemManage_Handler)
    i.Modem_AT_Cmd                           0x08002d18   Section        0  lrwan_ns1_atcmd.o(i.Modem_AT_Cmd)
    i.NMI_Handler                            0x08002dd4   Section        0  stm32l1xx_it.o(i.NMI_Handler)
    i.PendSV_Handler                         0x08002dd6   Section        0  stm32l1xx_it.o(i.PendSV_Handler)
    i.RCC_SetFlashLatencyFromMSIRange        0x08002dd8   Section        0  stm32l1xx_hal_rcc.o(i.RCC_SetFlashLatencyFromMSIRange)
    RCC_SetFlashLatencyFromMSIRange          0x08002dd9   Thumb Code   116  stm32l1xx_hal_rcc.o(i.RCC_SetFlashLatencyFromMSIRange)
    i.ReadTemHumTaskInit                     0x08002e58   Section        0  userapp_sht30.o(i.ReadTemHumTaskInit)
    i.Read_tempHum_valu                      0x08002f5c   Section        0  userapp_sht30.o(i.Read_tempHum_valu)
    i.SDA_SHT30_IN                           0x08003018   Section        0  driver_iic_sht30.o(i.SDA_SHT30_IN)
    i.SDA_SHT30_OUT                          0x0800303c   Section        0  driver_iic_sht30.o(i.SDA_SHT30_OUT)
    i.SEGGER_RTT_Write                       0x08003060   Section        0  segger_rtt.o(i.SEGGER_RTT_Write)
    i.SEGGER_RTT_WriteNoLock                 0x08003098   Section        0  segger_rtt.o(i.SEGGER_RTT_WriteNoLock)
    i.SEGGER_RTT_printf                      0x080030f4   Section        0  segger_rtt_printf.o(i.SEGGER_RTT_printf)
    i.SEGGER_RTT_vprintf                     0x0800310a   Section        0  segger_rtt_printf.o(i.SEGGER_RTT_vprintf)
    i.SVC_Handler                            0x080032a0   Section        0  stm32l1xx_it.o(i.SVC_Handler)
    i.SysTick_Handler                        0x080032a2   Section        0  stm32l1xx_it.o(i.SysTick_Handler)
    i.SystemClock_Config                     0x080032a8   Section        0  main.o(i.SystemClock_Config)
    i.SystemInit                             0x0800331c   Section        0  system_stm32l1xx.o(i.SystemInit)
    i.TestGPIO_InPut_Init                    0x0800336c   Section        0  product_test.o(i.TestGPIO_InPut_Init)
    i.TestGPIO_OutPut_Init                   0x080033e8   Section        0  product_test.o(i.TestGPIO_OutPut_Init)
    i.UART_DMAAbortOnError                   0x08003460   Section        0  stm32l1xx_hal_uart.o(i.UART_DMAAbortOnError)
    UART_DMAAbortOnError                     0x08003461   Thumb Code    16  stm32l1xx_hal_uart.o(i.UART_DMAAbortOnError)
    i.UART_DMAError                          0x08003470   Section        0  stm32l1xx_hal_uart.o(i.UART_DMAError)
    UART_DMAError                            0x08003471   Thumb Code    74  stm32l1xx_hal_uart.o(i.UART_DMAError)
    i.UART_DMAReceiveCplt                    0x080034ba   Section        0  stm32l1xx_hal_uart.o(i.UART_DMAReceiveCplt)
    UART_DMAReceiveCplt                      0x080034bb   Thumb Code    60  stm32l1xx_hal_uart.o(i.UART_DMAReceiveCplt)
    i.UART_DMARxHalfCplt                     0x080034f6   Section        0  stm32l1xx_hal_uart.o(i.UART_DMARxHalfCplt)
    UART_DMARxHalfCplt                       0x080034f7   Thumb Code    10  stm32l1xx_hal_uart.o(i.UART_DMARxHalfCplt)
    i.UART_DMATransmitCplt                   0x08003500   Section        0  stm32l1xx_hal_uart.o(i.UART_DMATransmitCplt)
    UART_DMATransmitCplt                     0x08003501   Thumb Code    46  stm32l1xx_hal_uart.o(i.UART_DMATransmitCplt)
    i.UART_DMATxHalfCplt                     0x0800352e   Section        0  stm32l1xx_hal_uart.o(i.UART_DMATxHalfCplt)
    UART_DMATxHalfCplt                       0x0800352f   Thumb Code    10  stm32l1xx_hal_uart.o(i.UART_DMATxHalfCplt)
    i.UART_EndRxTransfer                     0x08003538   Section        0  stm32l1xx_hal_uart.o(i.UART_EndRxTransfer)
    UART_EndRxTransfer                       0x08003539   Thumb Code    28  stm32l1xx_hal_uart.o(i.UART_EndRxTransfer)
    i.UART_EndTxTransfer                     0x08003554   Section        0  stm32l1xx_hal_uart.o(i.UART_EndTxTransfer)
    UART_EndTxTransfer                       0x08003555   Thumb Code    18  stm32l1xx_hal_uart.o(i.UART_EndTxTransfer)
    i.UART_Receive_IT                        0x08003566   Section        0  stm32l1xx_hal_uart.o(i.UART_Receive_IT)
    UART_Receive_IT                          0x08003567   Thumb Code   150  stm32l1xx_hal_uart.o(i.UART_Receive_IT)
    i.UART_SetConfig                         0x080035fc   Section        0  stm32l1xx_hal_uart.o(i.UART_SetConfig)
    UART_SetConfig                           0x080035fd   Thumb Code   300  stm32l1xx_hal_uart.o(i.UART_SetConfig)
    i.UART_Transmit_IT                       0x0800372c   Section        0  stm32l1xx_hal_uart.o(i.UART_Transmit_IT)
    UART_Transmit_IT                         0x0800372d   Thumb Code    98  stm32l1xx_hal_uart.o(i.UART_Transmit_IT)
    i.USART1_IRQHandler                      0x08003790   Section        0  stm32l1xx_it.o(i.USART1_IRQHandler)
    i.USART2_IRQHandler                      0x080037a8   Section        0  stm32l1xx_it.o(i.USART2_IRQHandler)
    i.UsageFault_Handler                     0x080037c0   Section        0  stm32l1xx_it.o(i.UsageFault_Handler)
    i.Usart1SendData_DMA                     0x080037c4   Section        0  usart.o(i.Usart1SendData_DMA)
    i.Usart2SendData_DMA                     0x080037e8   Section        0  usart.o(i.Usart2SendData_DMA)
    i.UsartReceive_IDLE                      0x0800380c   Section        0  usart.o(i.UsartReceive_IDLE)
    i._DoInit                                0x080038ac   Section        0  segger_rtt.o(i._DoInit)
    _DoInit                                  0x080038ad   Thumb Code    76  segger_rtt.o(i._DoInit)
    i._GetAvailWriteSpace                    0x08003914   Section        0  segger_rtt.o(i._GetAvailWriteSpace)
    _GetAvailWriteSpace                      0x08003915   Thumb Code    22  segger_rtt.o(i._GetAvailWriteSpace)
    i._PrintInt                              0x0800392c   Section        0  segger_rtt_printf.o(i._PrintInt)
    _PrintInt                                0x0800392d   Thumb Code   198  segger_rtt_printf.o(i._PrintInt)
    i._PrintUnsigned                         0x080039f4   Section        0  segger_rtt_printf.o(i._PrintUnsigned)
    _PrintUnsigned                           0x080039f5   Thumb Code   206  segger_rtt_printf.o(i._PrintUnsigned)
    i._StoreChar                             0x08003ac8   Section        0  segger_rtt_printf.o(i._StoreChar)
    _StoreChar                               0x08003ac9   Thumb Code    62  segger_rtt_printf.o(i._StoreChar)
    i._WriteBlocking                         0x08003b06   Section        0  segger_rtt.o(i._WriteBlocking)
    _WriteBlocking                           0x08003b07   Thumb Code    90  segger_rtt.o(i._WriteBlocking)
    i._WriteNoCheck                          0x08003b60   Section        0  segger_rtt.o(i._WriteNoCheck)
    _WriteNoCheck                            0x08003b61   Thumb Code    66  segger_rtt.o(i._WriteNoCheck)
    i.__NVIC_SetPriority                     0x08003ba2   Section        0  stm32l1xx_hal_cortex.o(i.__NVIC_SetPriority)
    __NVIC_SetPriority                       0x08003ba3   Thumb Code    32  stm32l1xx_hal_cortex.o(i.__NVIC_SetPriority)
    i.__scatterload_copy                     0x08003bc2   Section       14  handlers.o(i.__scatterload_copy)
    i.__scatterload_null                     0x08003bd0   Section        2  handlers.o(i.__scatterload_null)
    i.__scatterload_zeroinit                 0x08003bd2   Section       14  handlers.o(i.__scatterload_zeroinit)
    i.at_cmd_format                          0x08003be0   Section        0  lrwan_ns1_atcmd.o(i.at_cmd_format)
    at_cmd_format                            0x08003be1   Thumb Code  1328  lrwan_ns1_atcmd.o(i.at_cmd_format)
    i.at_cmd_receive                         0x0800412c   Section        0  lrwan_ns1_atcmd.o(i.at_cmd_receive)
    i.at_cmd_send                            0x0800424c   Section        0  lrwan_ns1_atcmd.o(i.at_cmd_send)
    at_cmd_send                              0x0800424d   Thumb Code    14  lrwan_ns1_atcmd.o(i.at_cmd_send)
    i.at_cmd_vprintf                         0x08004260   Section        0  lrwan_ns1_atcmd.o(i.at_cmd_vprintf)
    i.atctl_addr                             0x08004288   Section        0  lrwan_ns1_atcmd.o(i.atctl_addr)
    atctl_addr                               0x08004289   Thumb Code   142  lrwan_ns1_atcmd.o(i.atctl_addr)
    i.atctl_at                               0x08004334   Section        0  lrwan_ns1_atcmd.o(i.atctl_at)
    atctl_at                                 0x08004335   Thumb Code    34  lrwan_ns1_atcmd.o(i.atctl_at)
    i.atctl_channel                          0x08004378   Section        0  lrwan_ns1_atcmd.o(i.atctl_channel)
    atctl_channel                            0x08004379   Thumb Code    46  lrwan_ns1_atcmd.o(i.atctl_channel)
    i.atctl_eui                              0x080043b8   Section        0  lrwan_ns1_atcmd.o(i.atctl_eui)
    atctl_eui                                0x080043b9   Thumb Code   166  lrwan_ns1_atcmd.o(i.atctl_eui)
    i.atctl_join                             0x080044ac   Section        0  lrwan_ns1_atcmd.o(i.atctl_join)
    atctl_join                               0x080044ad   Thumb Code    78  lrwan_ns1_atcmd.o(i.atctl_join)
    i.atctl_key                              0x08004520   Section        0  lrwan_ns1_atcmd.o(i.atctl_key)
    atctl_key                                0x08004521   Thumb Code   334  lrwan_ns1_atcmd.o(i.atctl_key)
    i.atctl_laddr                            0x08004678   Section        0  lrwan_ns1_atcmd.o(i.atctl_laddr)
    atctl_laddr                              0x08004679   Thumb Code    66  lrwan_ns1_atcmd.o(i.atctl_laddr)
    i.atctl_mode                             0x080046e0   Section        0  lrwan_ns1_atcmd.o(i.atctl_mode)
    atctl_mode                               0x080046e1   Thumb Code    92  lrwan_ns1_atcmd.o(i.atctl_mode)
    i.atctl_msg                              0x08004750   Section        0  lrwan_ns1_atcmd.o(i.atctl_msg)
    atctl_msg                                0x08004751   Thumb Code    96  lrwan_ns1_atcmd.o(i.atctl_msg)
    i.atctl_parse                            0x080047c8   Section        0  lrwan_ns1_atcmd.o(i.atctl_parse)
    atctl_parse                              0x080047c9   Thumb Code   154  lrwan_ns1_atcmd.o(i.atctl_parse)
    i.atctl_reset                            0x080048bc   Section        0  lrwan_ns1_atcmd.o(i.atctl_reset)
    atctl_reset                              0x080048bd   Thumb Code    16  lrwan_ns1_atcmd.o(i.atctl_reset)
    i.atctl_statu                            0x080048d0   Section        0  lrwan_ns1_atcmd.o(i.atctl_statu)
    atctl_statu                              0x080048d1   Thumb Code   310  lrwan_ns1_atcmd.o(i.atctl_statu)
    i.atctl_string                           0x08004a18   Section        0  lrwan_ns1_atcmd.o(i.atctl_string)
    atctl_string                             0x08004a19   Thumb Code   210  lrwan_ns1_atcmd.o(i.atctl_string)
    i.atctl_value                            0x08004af8   Section        0  lrwan_ns1_atcmd.o(i.atctl_value)
    atctl_value                              0x08004af9   Thumb Code   618  lrwan_ns1_atcmd.o(i.atctl_value)
    i.atctl_vdd                              0x08004d70   Section        0  lrwan_ns1_atcmd.o(i.atctl_vdd)
    atctl_vdd                                0x08004d71   Thumb Code    72  lrwan_ns1_atcmd.o(i.atctl_vdd)
    i.atctl_ver                              0x08004dc8   Section        0  lrwan_ns1_atcmd.o(i.atctl_ver)
    atctl_ver                                0x08004dc9   Thumb Code    28  lrwan_ns1_atcmd.o(i.atctl_ver)
    i.crc_high_first                         0x08004df4   Section        0  userapp_sht30.o(i.crc_high_first)
    i.delay_ms                               0x08004e26   Section        0  gpio.o(i.delay_ms)
    i.delay_us                               0x08004e2a   Section        0  gpio.o(i.delay_us)
    i.ee_number                              0x08004e30   Section        0  tiny_vsnprintf.o(i.ee_number)
    ee_number                                0x08004e31   Thumb Code   238  tiny_vsnprintf.o(i.ee_number)
    i.get_product_flag                       0x08004f24   Section        0  product_test.o(i.get_product_flag)
    i.main                                   0x08004f30   Section        0  main.o(i.main)
    i.print02x                               0x08005094   Section        0  lora_driver.o(i.print02x)
    print02x                                 0x08005095   Thumb Code    40  lora_driver.o(i.print02x)
    i.product_test_process                   0x080050c8   Section        0  product_test.o(i.product_test_process)
    i.set_led_state                          0x08005364   Section        0  product_test.o(i.set_led_state)
    i.sht30_WR_data                          0x0800543c   Section        0  userapp_sht30.o(i.sht30_WR_data)
    i.sht30_writeReg                         0x080054c8   Section        0  userapp_sht30.o(i.sht30_writeReg)
    i.tiny_sscanf                            0x080054fa   Section        0  tiny_sscanf.o(i.tiny_sscanf)
    i.tiny_vfscanf                           0x0800550c   Section        0  tiny_sscanf.o(i.tiny_vfscanf)
    tiny_vfscanf                             0x0800550d   Thumb Code   508  tiny_sscanf.o(i.tiny_vfscanf)
    i.tiny_vsnprintf_like                    0x08005708   Section        0  tiny_vsnprintf.o(i.tiny_vsnprintf_like)
    .constdata                               0x08005868   Section       25  system_stm32l1xx.o(.constdata)
    .constdata                               0x08005881   Section        8  system_stm32l1xx.o(.constdata)
    .constdata                               0x08005889   Section       16  segger_rtt_printf.o(.constdata)
    _aV2C                                    0x08005889   Data          16  segger_rtt_printf.o(.constdata)
    .constdata                               0x0800589c   Section      872  lrwan_ns1_atcmd.o(.constdata)
    atctl_cmd_list                           0x080058a8   Data         756  lrwan_ns1_atcmd.o(.constdata)
    band_str                                 0x08005b9c   Data         104  lrwan_ns1_atcmd.o(.constdata)
    .constdata                               0x08005c04   Section       64  ctype_c.o(.constdata)
    .conststring                             0x08005c44   Section     1448  lrwan_ns1_atcmd.o(.conststring)
    .conststring                             0x080061ec   Section       80  lora_driver.o(.conststring)
    .conststring                             0x0800623c   Section       77  tiny_vsnprintf.o(.conststring)
    .data                                    0x20000000   Section       16  product_test.o(.data)
    product_led_flag                         0x20000001   Data           1  product_test.o(.data)
    product_uart_flag                        0x20000002   Data           1  product_test.o(.data)
    state                                    0x20000003   Data           1  product_test.o(.data)
    gpio_sta                                 0x20000004   Data           1  product_test.o(.data)
    Test_temp                                0x20000006   Data           2  product_test.o(.data)
    gpio_data                                0x20000008   Data           8  product_test.o(.data)
    .data                                    0x20000010   Section       12  stm32l1xx_hal.o(.data)
    .data                                    0x2000001c   Section        4  system_stm32l1xx.o(.data)
    .data                                    0x20000020   Section        1  userapp_sht30.o(.data)
    .data                                    0x20000024   Section      260  lrwan_ns1_atcmd.o(.data)
    atctl_sta                                0x20000024   Data           1  lrwan_ns1_atcmd.o(.data)
    Offset                                   0x20000026   Data           2  lrwan_ns1_atcmd.o(.data)
    atctl_rx_wr_index                        0x20000028   Data           2  lrwan_ns1_atcmd.o(.data)
    atctl_rx_tmp_wr_index                    0x2000002a   Data           2  lrwan_ns1_atcmd.o(.data)
    atctl_rx_tmp_rd_index                    0x2000002c   Data           2  lrwan_ns1_atcmd.o(.data)
    atctl_rx_tmp_cnt                         0x2000002e   Data           2  lrwan_ns1_atcmd.o(.data)
    CmdTab                                   0x20000034   Data         244  lrwan_ns1_atcmd.o(.data)
    .data                                    0x20000128   Section       64  lora_driver.o(.data)
    DataBinaryBuff                           0x20000128   Data          64  lora_driver.o(.data)
    .data                                    0x20000168   Section       20  lora_driver.o(.data)
    DeviceState                              0x20000168   Data           1  lora_driver.o(.data)
    DeviceSubState                           0x20000169   Data           1  lora_driver.o(.data)
    SendDataBinary                           0x2000016c   Data           8  lora_driver.o(.data)
    .data                                    0x2000017c   Section        8  tiny_vsnprintf.o(.data)
    lower_digits                             0x2000017c   Data           4  tiny_vsnprintf.o(.data)
    upper_digits                             0x20000180   Data           4  tiny_vsnprintf.o(.data)
    .bss                                     0x20000184   Section       84  i2c.o(.bss)
    .bss                                     0x200001d8   Section      176  spi.o(.bss)
    .bss                                     0x20000288   Section     1688  usart.o(.bss)
    .bss                                     0x20000920   Section      256  product_test.o(.bss)
    uart_buf                                 0x20000920   Data         256  product_test.o(.bss)
    .bss                                     0x20000a20   Section       30  userapp_sht30.o(.bss)
    .bss                                     0x20000a40   Section     1208  segger_rtt.o(.bss)
    _acUpBuffer                              0x20000ae8   Data        1024  segger_rtt.o(.bss)
    _acDownBuffer                            0x20000ee8   Data          16  segger_rtt.o(.bss)
    .bss                                     0x20000ef8   Section     1624  lrwan_ns1_atcmd.o(.bss)
    atctl_rx_buf                             0x20001150   Data         512  lrwan_ns1_atcmd.o(.bss)
    atctl_rx_tmp_buf                         0x20001350   Data         512  lrwan_ns1_atcmd.o(.bss)
    .bss                                     0x20001550   Section      259  lora_driver.o(.bss)
    LoraDriverParam                          0x200015a4   Data          80  lora_driver.o(.bss)
    PtrValueFromDevice                       0x200015f4   Data          32  lora_driver.o(.bss)
    PtrTempValueFromDevice                   0x20001614   Data          16  lora_driver.o(.bss)
    PtrTempValueFromDeviceKey                0x20001624   Data          47  lora_driver.o(.bss)
    STACK                                    0x20001658   Section     1024  startup_stm32l151xba.o(STACK)

    Global Symbols

    Symbol Name                              Value     Ov Type        Size  Object(Section)

    BuildAttributes$$THM_ISAv4$P$D$K$B$S$PE$A:L22UL41UL21$X:L11$S22US41US21$IEEE1$IW$USESV6$~STKCKD$USESV7$~SHL$OTIME$ROPI$EBA8$MICROLIB$REQ8$PRES8$EABIv2 0x00000000   Number         0  anon$$obj.o ABSOLUTE
    __ARM_use_no_argv                        0x00000000   Number         0  main.o ABSOLUTE
    __cpp_initialize__aeabi_                  - Undefined Weak Reference
    __cxa_finalize                            - Undefined Weak Reference
    _clock_init                               - Undefined Weak Reference
    _microlib_exit                            - Undefined Weak Reference
    _scanf_longlong                           - Undefined Weak Reference
    _scanf_real                               - Undefined Weak Reference
    __Vectors_Size                           0x000000f4   Number         0  startup_stm32l151xba.o ABSOLUTE
    __Vectors                                0x08000000   Data           4  startup_stm32l151xba.o(RESET)
    __Vectors_End                            0x080000f4   Data           0  startup_stm32l151xba.o(RESET)
    __main                                   0x080000f5   Thumb Code     0  entry.o(.ARM.Collect$$$$00000000)
    _main_stk                                0x080000f5   Thumb Code     0  entry2.o(.ARM.Collect$$$$00000001)
    _main_scatterload                        0x080000f9   Thumb Code     0  entry5.o(.ARM.Collect$$$$00000004)
    __main_after_scatterload                 0x080000fd   Thumb Code     0  entry5.o(.ARM.Collect$$$$00000004)
    _main_clock                              0x080000fd   Thumb Code     0  entry7b.o(.ARM.Collect$$$$00000008)
    _main_cpp_init                           0x080000fd   Thumb Code     0  entry8b.o(.ARM.Collect$$$$0000000A)
    _main_init                               0x080000fd   Thumb Code     0  entry9a.o(.ARM.Collect$$$$0000000B)
    __rt_final_cpp                           0x08000105   Thumb Code     0  entry10a.o(.ARM.Collect$$$$0000000D)
    __rt_final_exit                          0x08000105   Thumb Code     0  entry11a.o(.ARM.Collect$$$$0000000F)
    Reset_Handler                            0x08000109   Thumb Code     8  startup_stm32l151xba.o(.text)
    ADC1_IRQHandler                          0x08000123   Thumb Code     0  startup_stm32l151xba.o(.text)
    COMP_IRQHandler                          0x08000123   Thumb Code     0  startup_stm32l151xba.o(.text)
    DAC_IRQHandler                           0x08000123   Thumb Code     0  startup_stm32l151xba.o(.text)
    DMA1_Channel1_IRQHandler                 0x08000123   Thumb Code     0  startup_stm32l151xba.o(.text)
    DMA1_Channel2_IRQHandler                 0x08000123   Thumb Code     0  startup_stm32l151xba.o(.text)
    DMA1_Channel3_IRQHandler                 0x08000123   Thumb Code     0  startup_stm32l151xba.o(.text)
    EXTI0_IRQHandler                         0x08000123   Thumb Code     0  startup_stm32l151xba.o(.text)
    EXTI15_10_IRQHandler                     0x08000123   Thumb Code     0  startup_stm32l151xba.o(.text)
    EXTI1_IRQHandler                         0x08000123   Thumb Code     0  startup_stm32l151xba.o(.text)
    EXTI2_IRQHandler                         0x08000123   Thumb Code     0  startup_stm32l151xba.o(.text)
    EXTI3_IRQHandler                         0x08000123   Thumb Code     0  startup_stm32l151xba.o(.text)
    EXTI4_IRQHandler                         0x08000123   Thumb Code     0  startup_stm32l151xba.o(.text)
    EXTI9_5_IRQHandler                       0x08000123   Thumb Code     0  startup_stm32l151xba.o(.text)
    FLASH_IRQHandler                         0x08000123   Thumb Code     0  startup_stm32l151xba.o(.text)
    I2C1_ER_IRQHandler                       0x08000123   Thumb Code     0  startup_stm32l151xba.o(.text)
    I2C1_EV_IRQHandler                       0x08000123   Thumb Code     0  startup_stm32l151xba.o(.text)
    I2C2_ER_IRQHandler                       0x08000123   Thumb Code     0  startup_stm32l151xba.o(.text)
    I2C2_EV_IRQHandler                       0x08000123   Thumb Code     0  startup_stm32l151xba.o(.text)
    PVD_IRQHandler                           0x08000123   Thumb Code     0  startup_stm32l151xba.o(.text)
    RCC_IRQHandler                           0x08000123   Thumb Code     0  startup_stm32l151xba.o(.text)
    RTC_Alarm_IRQHandler                     0x08000123   Thumb Code     0  startup_stm32l151xba.o(.text)
    RTC_WKUP_IRQHandler                      0x08000123   Thumb Code     0  startup_stm32l151xba.o(.text)
    SPI1_IRQHandler                          0x08000123   Thumb Code     0  startup_stm32l151xba.o(.text)
    SPI2_IRQHandler                          0x08000123   Thumb Code     0  startup_stm32l151xba.o(.text)
    TAMPER_STAMP_IRQHandler                  0x08000123   Thumb Code     0  startup_stm32l151xba.o(.text)
    TIM10_IRQHandler                         0x08000123   Thumb Code     0  startup_stm32l151xba.o(.text)
    TIM11_IRQHandler                         0x08000123   Thumb Code     0  startup_stm32l151xba.o(.text)
    TIM2_IRQHandler                          0x08000123   Thumb Code     0  startup_stm32l151xba.o(.text)
    TIM3_IRQHandler                          0x08000123   Thumb Code     0  startup_stm32l151xba.o(.text)
    TIM4_IRQHandler                          0x08000123   Thumb Code     0  startup_stm32l151xba.o(.text)
    TIM6_IRQHandler                          0x08000123   Thumb Code     0  startup_stm32l151xba.o(.text)
    TIM7_IRQHandler                          0x08000123   Thumb Code     0  startup_stm32l151xba.o(.text)
    TIM9_IRQHandler                          0x08000123   Thumb Code     0  startup_stm32l151xba.o(.text)
    USART3_IRQHandler                        0x08000123   Thumb Code     0  startup_stm32l151xba.o(.text)
    USB_FS_WKUP_IRQHandler                   0x08000123   Thumb Code     0  startup_stm32l151xba.o(.text)
    USB_HP_IRQHandler                        0x08000123   Thumb Code     0  startup_stm32l151xba.o(.text)
    USB_LP_IRQHandler                        0x08000123   Thumb Code     0  startup_stm32l151xba.o(.text)
    WWDG_IRQHandler                          0x08000123   Thumb Code     0  startup_stm32l151xba.o(.text)
    __aeabi_memcpy                           0x0800012d   Thumb Code    36  memcpya.o(.text)
    __aeabi_memcpy4                          0x0800012d   Thumb Code     0  memcpya.o(.text)
    __aeabi_memcpy8                          0x0800012d   Thumb Code     0  memcpya.o(.text)
    __aeabi_memset                           0x08000151   Thumb Code    14  memseta.o(.text)
    __aeabi_memset4                          0x08000151   Thumb Code     0  memseta.o(.text)
    __aeabi_memset8                          0x08000151   Thumb Code     0  memseta.o(.text)
    __aeabi_memclr                           0x0800015f   Thumb Code     4  memseta.o(.text)
    __aeabi_memclr4                          0x0800015f   Thumb Code     0  memseta.o(.text)
    __aeabi_memclr8                          0x0800015f   Thumb Code     0  memseta.o(.text)
    _memset$wrapper                          0x08000163   Thumb Code    18  memseta.o(.text)
    strlen                                   0x08000175   Thumb Code    14  strlen.o(.text)
    memcmp                                   0x08000183   Thumb Code    26  memcmp.o(.text)
    strcpy                                   0x0800019d   Thumb Code    18  strcpy.o(.text)
    strncasecmp                              0x080001af   Thumb Code    50  strncasecmp.o(.text)
    __0sscanf                                0x080001e1   Thumb Code    48  __0sscanf.o(.text)
    _scanf_int                               0x08000219   Thumb Code   332  _scanf_int.o(.text)
    _scanf_string                            0x08000365   Thumb Code   224  _scanf_str.o(.text)
    __aeabi_dadd                             0x08000445   Thumb Code   322  dadd.o(.text)
    __aeabi_dsub                             0x08000587   Thumb Code     6  dadd.o(.text)
    __aeabi_drsub                            0x0800058d   Thumb Code     6  dadd.o(.text)
    __aeabi_ddiv                             0x08000593   Thumb Code   222  ddiv.o(.text)
    __aeabi_i2f                              0x08000671   Thumb Code    18  fflti.o(.text)
    __aeabi_f2d                              0x08000683   Thumb Code    38  f2d.o(.text)
    __aeabi_d2f                              0x080006a9   Thumb Code    56  d2f.o(.text)
    __aeabi_llsl                             0x080006e1   Thumb Code    30  llshl.o(.text)
    _ll_shift_l                              0x080006e1   Thumb Code     0  llshl.o(.text)
    __aeabi_llsr                             0x080006ff   Thumb Code    32  llushr.o(.text)
    _ll_ushift_r                             0x080006ff   Thumb Code     0  llushr.o(.text)
    __aeabi_lasr                             0x0800071f   Thumb Code    36  llsshr.o(.text)
    _ll_sshift_r                             0x0800071f   Thumb Code     0  llsshr.o(.text)
    tolower                                  0x08000743   Thumb Code    12  tolower.o(.text)
    _chval                                   0x0800074f   Thumb Code    28  _chval.o(.text)
    __vfscanf_char                           0x08000779   Thumb Code    20  scanf_char.o(.text)
    _sgetc                                   0x08000795   Thumb Code    30  _sgetc.o(.text)
    _sbackspace                              0x080007b3   Thumb Code    34  _sgetc.o(.text)
    __I$use$fp                               0x080007d5   Thumb Code     0  iusefp.o(.text)
    _float_round                             0x080007d5   Thumb Code    18  fepilogue.o(.text)
    _float_epilogue                          0x080007e7   Thumb Code    92  fepilogue.o(.text)
    _double_round                            0x08000843   Thumb Code    30  depilogue.o(.text)
    _double_epilogue                         0x08000861   Thumb Code   156  depilogue.o(.text)
    __scatterload                            0x080008fd   Thumb Code    28  init.o(.text)
    __scatterload_rt2                        0x080008fd   Thumb Code     0  init.o(.text)
    isspace                                  0x08000921   Thumb Code    10  isspace_c.o(.text)
    __vfscanf                                0x0800092d   Thumb Code   808  _scanf.o(.text)
    __ctype_lookup                           0x08000c59   Thumb Code    34  ctype_c.o(.text)
    __decompress                             0x08000c81   Thumb Code     0  __dczerorl2.o(.text)
    __decompress1                            0x08000c81   Thumb Code    86  __dczerorl2.o(.text)
    BusFault_Handler                         0x08000cd7   Thumb Code     2  stm32l1xx_it.o(i.BusFault_Handler)
    DMA1_Channel4_IRQHandler                 0x08000cd9   Thumb Code     6  stm32l1xx_it.o(i.DMA1_Channel4_IRQHandler)
    DMA1_Channel5_IRQHandler                 0x08000ce5   Thumb Code     6  stm32l1xx_it.o(i.DMA1_Channel5_IRQHandler)
    DMA1_Channel6_IRQHandler                 0x08000cf1   Thumb Code     6  stm32l1xx_it.o(i.DMA1_Channel6_IRQHandler)
    DMA1_Channel7_IRQHandler                 0x08000cfd   Thumb Code     6  stm32l1xx_it.o(i.DMA1_Channel7_IRQHandler)
    DebugMon_Handler                         0x08000d37   Thumb Code     2  stm32l1xx_it.o(i.DebugMon_Handler)
    Error_Handler                            0x08000d39   Thumb Code     2  main.o(i.Error_Handler)
    Find_String                              0x08000d3b   Thumb Code    72  gpio.o(i.Find_String)
    Get_sht30HumValu                         0x08000d85   Thumb Code     6  userapp_sht30.o(i.Get_sht30HumValu)
    Get_sht30TemValu                         0x08000d91   Thumb Code     8  userapp_sht30.o(i.Get_sht30TemValu)
    HAL_DMA_Abort                            0x08000d9d   Thumb Code    74  stm32l1xx_hal_dma.o(i.HAL_DMA_Abort)
    HAL_DMA_Abort_IT                         0x08000de7   Thumb Code    78  stm32l1xx_hal_dma.o(i.HAL_DMA_Abort_IT)
    HAL_DMA_IRQHandler                       0x08000e35   Thumb Code   186  stm32l1xx_hal_dma.o(i.HAL_DMA_IRQHandler)
    HAL_DMA_Init                             0x08000ef1   Thumb Code    84  stm32l1xx_hal_dma.o(i.HAL_DMA_Init)
    HAL_DMA_Start_IT                         0x08000f4d   Thumb Code   112  stm32l1xx_hal_dma.o(i.HAL_DMA_Start_IT)
    HAL_Delay                                0x08000fbd   Thumb Code    32  stm32l1xx_hal.o(i.HAL_Delay)
    HAL_GPIO_Init                            0x08000fe1   Thumb Code   364  stm32l1xx_hal_gpio.o(i.HAL_GPIO_Init)
    HAL_GPIO_ReadPin                         0x0800116d   Thumb Code    10  stm32l1xx_hal_gpio.o(i.HAL_GPIO_ReadPin)
    HAL_GPIO_TogglePin                       0x08001177   Thumb Code    12  stm32l1xx_hal_gpio.o(i.HAL_GPIO_TogglePin)
    HAL_GPIO_WritePin                        0x08001183   Thumb Code    10  stm32l1xx_hal_gpio.o(i.HAL_GPIO_WritePin)
    HAL_GetTick                              0x0800118d   Thumb Code     6  stm32l1xx_hal.o(i.HAL_GetTick)
    HAL_I2C_Init                             0x08001199   Thumb Code   356  stm32l1xx_hal_i2c.o(i.HAL_I2C_Init)
    HAL_I2C_MspInit                          0x0800130d   Thumb Code    94  i2c.o(i.HAL_I2C_MspInit)
    HAL_IncTick                              0x08001379   Thumb Code    12  stm32l1xx_hal.o(i.HAL_IncTick)
    HAL_Init                                 0x08001389   Thumb Code    30  stm32l1xx_hal.o(i.HAL_Init)
    HAL_InitTick                             0x080013a9   Thumb Code    58  stm32l1xx_hal.o(i.HAL_InitTick)
    HAL_MspInit                              0x080013ed   Thumb Code    56  stm32l1xx_hal_msp.o(i.HAL_MspInit)
    HAL_NVIC_EnableIRQ                       0x08001429   Thumb Code    26  stm32l1xx_hal_cortex.o(i.HAL_NVIC_EnableIRQ)
    HAL_NVIC_SetPriority                     0x08001445   Thumb Code    60  stm32l1xx_hal_cortex.o(i.HAL_NVIC_SetPriority)
    HAL_NVIC_SetPriorityGrouping             0x08001485   Thumb Code    26  stm32l1xx_hal_cortex.o(i.HAL_NVIC_SetPriorityGrouping)
    HAL_RCCEx_PeriphCLKConfig                0x080014a9   Thumb Code   276  stm32l1xx_hal_rcc_ex.o(i.HAL_RCCEx_PeriphCLKConfig)
    HAL_RCC_ClockConfig                      0x080015c9   Thumb Code   400  stm32l1xx_hal_rcc.o(i.HAL_RCC_ClockConfig)
    HAL_RCC_GetPCLK1Freq                     0x0800176d   Thumb Code    20  stm32l1xx_hal_rcc.o(i.HAL_RCC_GetPCLK1Freq)
    HAL_RCC_GetPCLK2Freq                     0x0800178d   Thumb Code    20  stm32l1xx_hal_rcc.o(i.HAL_RCC_GetPCLK2Freq)
    HAL_RCC_GetSysClockFreq                  0x080017ad   Thumb Code    80  stm32l1xx_hal_rcc.o(i.HAL_RCC_GetSysClockFreq)
    HAL_RCC_OscConfig                        0x0800180d   Thumb Code  1064  stm32l1xx_hal_rcc.o(i.HAL_RCC_OscConfig)
    HAL_SPI_Init                             0x08001c35   Thumb Code   114  stm32l1xx_hal_spi.o(i.HAL_SPI_Init)
    HAL_SPI_MspInit                          0x08001ca9   Thumb Code   146  spi.o(i.HAL_SPI_MspInit)
    HAL_SYSTICK_Config                       0x08001d51   Thumb Code    40  stm32l1xx_hal_cortex.o(i.HAL_SYSTICK_Config)
    HAL_UART_DMAStop                         0x08001d79   Thumb Code    88  stm32l1xx_hal_uart.o(i.HAL_UART_DMAStop)
    HAL_UART_ErrorCallback                   0x08001dd1   Thumb Code     2  stm32l1xx_hal_uart.o(i.HAL_UART_ErrorCallback)
    HAL_UART_IRQHandler                      0x08001dd5   Thumb Code   266  stm32l1xx_hal_uart.o(i.HAL_UART_IRQHandler)
    HAL_UART_Init                            0x08001ee5   Thumb Code    98  stm32l1xx_hal_uart.o(i.HAL_UART_Init)
    HAL_UART_MspInit                         0x08001f49   Thumb Code   356  usart.o(i.HAL_UART_MspInit)
    HAL_UART_Receive_DMA                     0x080020c5   Thumb Code   138  stm32l1xx_hal_uart.o(i.HAL_UART_Receive_DMA)
    HAL_UART_RxCpltCallback                  0x0800215d   Thumb Code     2  stm32l1xx_hal_uart.o(i.HAL_UART_RxCpltCallback)
    HAL_UART_RxHalfCpltCallback              0x0800215f   Thumb Code     2  stm32l1xx_hal_uart.o(i.HAL_UART_RxHalfCpltCallback)
    HAL_UART_Transmit_DMA                    0x08002161   Thumb Code   114  stm32l1xx_hal_uart.o(i.HAL_UART_Transmit_DMA)
    HAL_UART_TxCpltCallback                  0x080021e1   Thumb Code    56  usart.o(i.HAL_UART_TxCpltCallback)
    HAL_UART_TxHalfCpltCallback              0x08002225   Thumb Code     2  stm32l1xx_hal_uart.o(i.HAL_UART_TxHalfCpltCallback)
    HardFault_Handler                        0x08002227   Thumb Code     2  stm32l1xx_it.o(i.HardFault_Handler)
    I2C_SHT30_Ack                            0x08002229   Thumb Code    68  driver_iic_sht30.o(i.I2C_SHT30_Ack)
    I2C_SHT30_Init                           0x08002271   Thumb Code    52  driver_iic_sht30.o(i.I2C_SHT30_Init)
    I2C_SHT30_NAck                           0x080022a9   Thumb Code    68  driver_iic_sht30.o(i.I2C_SHT30_NAck)
    I2C_SHT30_ReadByte                       0x080022f1   Thumb Code   110  driver_iic_sht30.o(i.I2C_SHT30_ReadByte)
    I2C_SHT30_SendByte                       0x08002365   Thumb Code   110  driver_iic_sht30.o(i.I2C_SHT30_SendByte)
    I2C_SHT30_Start                          0x080023d9   Thumb Code    68  driver_iic_sht30.o(i.I2C_SHT30_Start)
    I2C_SHT30_Stop                           0x08002421   Thumb Code    70  driver_iic_sht30.o(i.I2C_SHT30_Stop)
    I2C_SHT30_WaitAck                        0x0800246d   Thumb Code   100  driver_iic_sht30.o(i.I2C_SHT30_WaitAck)
    LoRa_GetAppID                            0x080024d5   Thumb Code    42  lora_driver.o(i.LoRa_GetAppID)
    LoRa_GetDeviceAddress                    0x08002505   Thumb Code    42  lora_driver.o(i.LoRa_GetDeviceAddress)
    LoRa_GetDeviceID                         0x08002535   Thumb Code    42  lora_driver.o(i.LoRa_GetDeviceID)
    LoRa_GetKey                              0x08002565   Thumb Code   100  lora_driver.o(i.LoRa_GetKey)
    LoRa_SetKey                              0x080025d1   Thumb Code    12  lora_driver.o(i.LoRa_SetKey)
    Lora_Ctx_Init                            0x080025dd   Thumb Code    42  lora_driver.o(i.Lora_Ctx_Init)
    Lora_Init                                0x08002611   Thumb Code    26  lora_driver.o(i.Lora_Init)
    Lora_Join                                0x0800262b   Thumb Code    30  lora_driver.o(i.Lora_Join)
    Lora_SendDataBin                         0x08002649   Thumb Code    18  lora_driver.o(i.Lora_SendDataBin)
    Lora_SetATE                              0x0800265b   Thumb Code    16  lora_driver.o(i.Lora_SetATE)
    Lora_SetAdaptiveDataRate                 0x0800266b   Thumb Code    16  lora_driver.o(i.Lora_SetAdaptiveDataRate)
    Lora_SetClass                            0x0800267b   Thumb Code    16  lora_driver.o(i.Lora_SetClass)
    Lora_SetDataRate                         0x0800268b   Thumb Code    16  lora_driver.o(i.Lora_SetDataRate)
    Lora_SetJoinMode                         0x0800269b   Thumb Code    16  lora_driver.o(i.Lora_SetJoinMode)
    Lora_SetSendMsgConfirm                   0x080026ab   Thumb Code    16  lora_driver.o(i.Lora_SetSendMsgConfirm)
    Lora_fsm                                 0x080026bd   Thumb Code   618  lora_driver.o(i.Lora_fsm)
    MX_DMA_Init                              0x08002aad   Thumb Code    88  dma.o(i.MX_DMA_Init)
    MX_GPIO_Init                             0x08002b09   Thumb Code   156  gpio.o(i.MX_GPIO_Init)
    MX_I2C2_Init                             0x08002bad   Thumb Code    50  i2c.o(i.MX_I2C2_Init)
    MX_SPI1_Init                             0x08002bed   Thumb Code    60  spi.o(i.MX_SPI1_Init)
    MX_SPI2_Init                             0x08002c31   Thumb Code    60  spi.o(i.MX_SPI2_Init)
    MX_USART1_UART_Init                      0x08002c75   Thumb Code    68  usart.o(i.MX_USART1_UART_Init)
    MX_USART2_UART_Init                      0x08002cc5   Thumb Code    68  usart.o(i.MX_USART2_UART_Init)
    MemManage_Handler                        0x08002d15   Thumb Code     2  stm32l1xx_it.o(i.MemManage_Handler)
    Modem_AT_Cmd                             0x08002d19   Thumb Code   136  lrwan_ns1_atcmd.o(i.Modem_AT_Cmd)
    NMI_Handler                              0x08002dd5   Thumb Code     2  stm32l1xx_it.o(i.NMI_Handler)
    PendSV_Handler                           0x08002dd7   Thumb Code     2  stm32l1xx_it.o(i.PendSV_Handler)
    ReadTemHumTaskInit                       0x08002e59   Thumb Code   256  userapp_sht30.o(i.ReadTemHumTaskInit)
    Read_tempHum_valu                        0x08002f5d   Thumb Code   118  userapp_sht30.o(i.Read_tempHum_valu)
    SDA_SHT30_IN                             0x08003019   Thumb Code    30  driver_iic_sht30.o(i.SDA_SHT30_IN)
    SDA_SHT30_OUT                            0x0800303d   Thumb Code    30  driver_iic_sht30.o(i.SDA_SHT30_OUT)
    SEGGER_RTT_Write                         0x08003061   Thumb Code    50  segger_rtt.o(i.SEGGER_RTT_Write)
    SEGGER_RTT_WriteNoLock                   0x08003099   Thumb Code    86  segger_rtt.o(i.SEGGER_RTT_WriteNoLock)
    SEGGER_RTT_printf                        0x080030f5   Thumb Code    22  segger_rtt_printf.o(i.SEGGER_RTT_printf)
    SEGGER_RTT_vprintf                       0x0800310b   Thumb Code   406  segger_rtt_printf.o(i.SEGGER_RTT_vprintf)
    SVC_Handler                              0x080032a1   Thumb Code     2  stm32l1xx_it.o(i.SVC_Handler)
    SysTick_Handler                          0x080032a3   Thumb Code     4  stm32l1xx_it.o(i.SysTick_Handler)
    SystemClock_Config                       0x080032a9   Thumb Code   112  main.o(i.SystemClock_Config)
    SystemInit                               0x0800331d   Thumb Code    62  system_stm32l1xx.o(i.SystemInit)
    TestGPIO_InPut_Init                      0x0800336d   Thumb Code   116  product_test.o(i.TestGPIO_InPut_Init)
    TestGPIO_OutPut_Init                     0x080033e9   Thumb Code   112  product_test.o(i.TestGPIO_OutPut_Init)
    USART1_IRQHandler                        0x08003791   Thumb Code    18  stm32l1xx_it.o(i.USART1_IRQHandler)
    USART2_IRQHandler                        0x080037a9   Thumb Code    18  stm32l1xx_it.o(i.USART2_IRQHandler)
    UsageFault_Handler                       0x080037c1   Thumb Code     2  stm32l1xx_it.o(i.UsageFault_Handler)
    Usart1SendData_DMA                       0x080037c5   Thumb Code    28  usart.o(i.Usart1SendData_DMA)
    Usart2SendData_DMA                       0x080037e9   Thumb Code    28  usart.o(i.Usart2SendData_DMA)
    UsartReceive_IDLE                        0x0800380d   Thumb Code   146  usart.o(i.UsartReceive_IDLE)
    __scatterload_copy                       0x08003bc3   Thumb Code    14  handlers.o(i.__scatterload_copy)
    __scatterload_null                       0x08003bd1   Thumb Code     2  handlers.o(i.__scatterload_null)
    __scatterload_zeroinit                   0x08003bd3   Thumb Code    14  handlers.o(i.__scatterload_zeroinit)
    at_cmd_receive                           0x0800412d   Thumb Code   188  lrwan_ns1_atcmd.o(i.at_cmd_receive)
    at_cmd_vprintf                           0x08004261   Thumb Code    32  lrwan_ns1_atcmd.o(i.at_cmd_vprintf)
    crc_high_first                           0x08004df5   Thumb Code    50  userapp_sht30.o(i.crc_high_first)
    delay_ms                                 0x08004e27   Thumb Code     4  gpio.o(i.delay_ms)
    delay_us                                 0x08004e2b   Thumb Code     4  gpio.o(i.delay_us)
    get_product_flag                         0x08004f25   Thumb Code     6  product_test.o(i.get_product_flag)
    main                                     0x08004f31   Thumb Code   182  main.o(i.main)
    product_test_process                     0x080050c9   Thumb Code   426  product_test.o(i.product_test_process)
    set_led_state                            0x08005365   Thumb Code   188  product_test.o(i.set_led_state)
    sht30_WR_data                            0x0800543d   Thumb Code   136  userapp_sht30.o(i.sht30_WR_data)
    sht30_writeReg                           0x080054c9   Thumb Code    50  userapp_sht30.o(i.sht30_writeReg)
    tiny_sscanf                              0x080054fb   Thumb Code    18  tiny_sscanf.o(i.tiny_sscanf)
    tiny_vsnprintf_like                      0x08005709   Thumb Code   342  tiny_vsnprintf.o(i.tiny_vsnprintf_like)
    PLLMulTable                              0x08005868   Data           9  system_stm32l1xx.o(.constdata)
    AHBPrescTable                            0x08005871   Data          16  system_stm32l1xx.o(.constdata)
    APBPrescTable                            0x08005881   Data           8  system_stm32l1xx.o(.constdata)
    __ctype_categories                       0x08005c04   Data          64  ctype_c.o(.constdata)
    Region$$Table$$Base                      0x0800628c   Number         0  anon$$obj.o(Region$$Table)
    Region$$Table$$Limit                     0x080062ac   Number         0  anon$$obj.o(Region$$Table)
    product_test_flag                        0x20000000   Data           1  product_test.o(.data)
    uwTickPrio                               0x20000010   Data           4  stm32l1xx_hal.o(.data)
    uwTickFreq                               0x20000014   Data           4  stm32l1xx_hal.o(.data)
    uwTick                                   0x20000018   Data           4  stm32l1xx_hal.o(.data)
    SystemCoreClock                          0x2000001c   Data           4  system_stm32l1xx.o(.data)
    sht30FirstReadFlag                       0x20000020   Data           1  userapp_sht30.o(.data)
    record_num                               0x20000030   Data           4  lrwan_ns1_atcmd.o(.data)
    Check_cnt                                0x2000016a   Data           1  lora_driver.o(.data)
    Check_cnt_ack                            0x2000016b   Data           1  lora_driver.o(.data)
    User_Protocol_data                       0x20000174   Data           8  lora_driver.o(.data)
    hi2c2                                    0x20000184   Data          84  i2c.o(.bss)
    hspi1                                    0x200001d8   Data          88  spi.o(.bss)
    hspi2                                    0x20000230   Data          88  spi.o(.bss)
    huart1                                   0x20000288   Data          64  usart.o(.bss)
    huart2                                   0x200002c8   Data          64  usart.o(.bss)
    hdma_usart1_rx                           0x20000308   Data          68  usart.o(.bss)
    hdma_usart1_tx                           0x2000034c   Data          68  usart.o(.bss)
    hdma_usart2_rx                           0x20000390   Data          68  usart.o(.bss)
    hdma_usart2_tx                           0x200003d4   Data          68  usart.o(.bss)
    UsartType1                               0x20000418   Data         644  usart.o(.bss)
    UsartType2                               0x2000069c   Data         644  usart.o(.bss)
    iic_sht30_task                           0x20000a20   Data          30  userapp_sht30.o(.bss)
    _SEGGER_RTT                              0x20000a40   Data         168  segger_rtt.o(.bss)
    LoRa_AT_Cmd_Buff                         0x20000ef8   Data         300  lrwan_ns1_atcmd.o(.bss)
    response                                 0x20001024   Data         300  lrwan_ns1_atcmd.o(.bss)
    dt                                       0x20001550   Data          84  lora_driver.o(.bss)
    __initial_sp                             0x20001a58   Data           0  startup_stm32l151xba.o(STACK)



==============================================================================

Memory Map of the image

  Image Entry point : 0x080000f5

  Load Region LR_IROM1 (Base: 0x08000000, Size: 0x00006430, Max: 0x00010000, ABSOLUTE, COMPRESSED[0x0000638c])

    Execution Region ER_IROM1 (Base: 0x08000000, Size: 0x000062ac, Max: 0x00010000, ABSOLUTE)

    Base Addr    Size         Type   Attr      Idx    E Section Name        Object

    0x08000000   0x000000f4   Data   RO            3    RESET               startup_stm32l151xba.o
    0x080000f4   0x00000000   Code   RO         4224  * .ARM.Collect$$$$00000000  mc_w.l(entry.o)
    0x080000f4   0x00000004   Code   RO         4261    .ARM.Collect$$$$00000001  mc_w.l(entry2.o)
    0x080000f8   0x00000004   Code   RO         4264    .ARM.Collect$$$$00000004  mc_w.l(entry5.o)
    0x080000fc   0x00000000   Code   RO         4266    .ARM.Collect$$$$00000008  mc_w.l(entry7b.o)
    0x080000fc   0x00000000   Code   RO         4268    .ARM.Collect$$$$0000000A  mc_w.l(entry8b.o)
    0x080000fc   0x00000008   Code   RO         4269    .ARM.Collect$$$$0000000B  mc_w.l(entry9a.o)
    0x08000104   0x00000000   Code   RO         4271    .ARM.Collect$$$$0000000D  mc_w.l(entry10a.o)
    0x08000104   0x00000000   Code   RO         4273    .ARM.Collect$$$$0000000F  mc_w.l(entry11a.o)
    0x08000104   0x00000004   Code   RO         4262    .ARM.Collect$$$$00002712  mc_w.l(entry2.o)
    0x08000108   0x00000024   Code   RO            4    .text               startup_stm32l151xba.o
    0x0800012c   0x00000024   Code   RO         4227    .text               mc_w.l(memcpya.o)
    0x08000150   0x00000024   Code   RO         4229    .text               mc_w.l(memseta.o)
    0x08000174   0x0000000e   Code   RO         4231    .text               mc_w.l(strlen.o)
    0x08000182   0x0000001a   Code   RO         4233    .text               mc_w.l(memcmp.o)
    0x0800019c   0x00000012   Code   RO         4235    .text               mc_w.l(strcpy.o)
    0x080001ae   0x00000032   Code   RO         4239    .text               mc_w.l(strncasecmp.o)
    0x080001e0   0x00000038   Code   RO         4241    .text               mc_w.l(__0sscanf.o)
    0x08000218   0x0000014c   Code   RO         4243    .text               mc_w.l(_scanf_int.o)
    0x08000364   0x000000e0   Code   RO         4245    .text               mc_w.l(_scanf_str.o)
    0x08000444   0x0000014e   Code   RO         4247    .text               mf_w.l(dadd.o)
    0x08000592   0x000000de   Code   RO         4251    .text               mf_w.l(ddiv.o)
    0x08000670   0x00000012   Code   RO         4253    .text               mf_w.l(fflti.o)
    0x08000682   0x00000026   Code   RO         4257    .text               mf_w.l(f2d.o)
    0x080006a8   0x00000038   Code   RO         4259    .text               mf_w.l(d2f.o)
    0x080006e0   0x0000001e   Code   RO         4275    .text               mc_w.l(llshl.o)
    0x080006fe   0x00000020   Code   RO         4277    .text               mc_w.l(llushr.o)
    0x0800071e   0x00000024   Code   RO         4279    .text               mc_w.l(llsshr.o)
    0x08000742   0x0000000c   Code   RO         4281    .text               mc_w.l(tolower.o)
    0x0800074e   0x0000001c   Code   RO         4283    .text               mc_w.l(_chval.o)
    0x0800076a   0x00000002   PAD
    0x0800076c   0x00000028   Code   RO         4285    .text               mc_w.l(scanf_char.o)
    0x08000794   0x00000040   Code   RO         4287    .text               mc_w.l(_sgetc.o)
    0x080007d4   0x00000000   Code   RO         4289    .text               mc_w.l(iusefp.o)
    0x080007d4   0x0000006e   Code   RO         4290    .text               mf_w.l(fepilogue.o)
    0x08000842   0x000000ba   Code   RO         4292    .text               mf_w.l(depilogue.o)
    0x080008fc   0x00000024   Code   RO         4294    .text               mc_w.l(init.o)
    0x08000920   0x0000000a   Code   RO         4296    .text               mc_w.l(isspace_c.o)
    0x0800092a   0x00000002   PAD
    0x0800092c   0x0000032c   Code   RO         4298    .text               mc_w.l(_scanf.o)
    0x08000c58   0x00000028   Code   RO         4300    .text               mc_w.l(ctype_c.o)
    0x08000c80   0x00000056   Code   RO         4311    .text               mc_w.l(__dczerorl2.o)
    0x08000cd6   0x00000002   Code   RO          444    i.BusFault_Handler  stm32l1xx_it.o
    0x08000cd8   0x0000000c   Code   RO          445    i.DMA1_Channel4_IRQHandler  stm32l1xx_it.o
    0x08000ce4   0x0000000c   Code   RO          446    i.DMA1_Channel5_IRQHandler  stm32l1xx_it.o
    0x08000cf0   0x0000000c   Code   RO          447    i.DMA1_Channel6_IRQHandler  stm32l1xx_it.o
    0x08000cfc   0x0000000c   Code   RO          448    i.DMA1_Channel7_IRQHandler  stm32l1xx_it.o
    0x08000d08   0x0000002e   Code   RO         1762    i.DMA_SetConfig     stm32l1xx_hal_dma.o
    0x08000d36   0x00000002   Code   RO          449    i.DebugMon_Handler  stm32l1xx_it.o
    0x08000d38   0x00000002   Code   RO           13    i.Error_Handler     main.o
    0x08000d3a   0x00000048   Code   RO          216    i.Find_String       gpio.o
    0x08000d82   0x00000002   PAD
    0x08000d84   0x0000000c   Code   RO         3349    i.Get_sht30HumValu  userapp_sht30.o
    0x08000d90   0x0000000c   Code   RO         3350    i.Get_sht30TemValu  userapp_sht30.o
    0x08000d9c   0x0000004a   Code   RO         1763    i.HAL_DMA_Abort     stm32l1xx_hal_dma.o
    0x08000de6   0x0000004e   Code   RO         1764    i.HAL_DMA_Abort_IT  stm32l1xx_hal_dma.o
    0x08000e34   0x000000ba   Code   RO         1768    i.HAL_DMA_IRQHandler  stm32l1xx_hal_dma.o
    0x08000eee   0x00000002   PAD
    0x08000ef0   0x0000005c   Code   RO         1769    i.HAL_DMA_Init      stm32l1xx_hal_dma.o
    0x08000f4c   0x00000070   Code   RO         1773    i.HAL_DMA_Start_IT  stm32l1xx_hal_dma.o
    0x08000fbc   0x00000024   Code   RO         1067    i.HAL_Delay         stm32l1xx_hal.o
    0x08000fe0   0x0000018c   Code   RO         1699    i.HAL_GPIO_Init     stm32l1xx_hal_gpio.o
    0x0800116c   0x0000000a   Code   RO         1701    i.HAL_GPIO_ReadPin  stm32l1xx_hal_gpio.o
    0x08001176   0x0000000c   Code   RO         1702    i.HAL_GPIO_TogglePin  stm32l1xx_hal_gpio.o
    0x08001182   0x0000000a   Code   RO         1703    i.HAL_GPIO_WritePin  stm32l1xx_hal_gpio.o
    0x0800118c   0x0000000c   Code   RO         1071    i.HAL_GetTick       stm32l1xx_hal.o
    0x08001198   0x00000174   Code   RO          649    i.HAL_I2C_Init      stm32l1xx_hal_i2c.o
    0x0800130c   0x0000006c   Code   RO          283    i.HAL_I2C_MspInit   i2c.o
    0x08001378   0x00000010   Code   RO         1077    i.HAL_IncTick       stm32l1xx_hal.o
    0x08001388   0x0000001e   Code   RO         1078    i.HAL_Init          stm32l1xx_hal.o
    0x080013a6   0x00000002   PAD
    0x080013a8   0x00000044   Code   RO         1079    i.HAL_InitTick      stm32l1xx_hal.o
    0x080013ec   0x0000003c   Code   RO          556    i.HAL_MspInit       stm32l1xx_hal_msp.o
    0x08001428   0x0000001a   Code   RO         2042    i.HAL_NVIC_EnableIRQ  stm32l1xx_hal_cortex.o
    0x08001442   0x00000002   PAD
    0x08001444   0x00000040   Code   RO         2048    i.HAL_NVIC_SetPriority  stm32l1xx_hal_cortex.o
    0x08001484   0x00000024   Code   RO         2049    i.HAL_NVIC_SetPriorityGrouping  stm32l1xx_hal_cortex.o
    0x080014a8   0x00000120   Code   RO         1348    i.HAL_RCCEx_PeriphCLKConfig  stm32l1xx_hal_rcc_ex.o
    0x080015c8   0x000001a4   Code   RO         1235    i.HAL_RCC_ClockConfig  stm32l1xx_hal_rcc.o
    0x0800176c   0x00000020   Code   RO         1242    i.HAL_RCC_GetPCLK1Freq  stm32l1xx_hal_rcc.o
    0x0800178c   0x00000020   Code   RO         1243    i.HAL_RCC_GetPCLK2Freq  stm32l1xx_hal_rcc.o
    0x080017ac   0x00000060   Code   RO         1244    i.HAL_RCC_GetSysClockFreq  stm32l1xx_hal_rcc.o
    0x0800180c   0x00000428   Code   RO         1247    i.HAL_RCC_OscConfig  stm32l1xx_hal_rcc.o
    0x08001c34   0x00000072   Code   RO         2560    i.HAL_SPI_Init      stm32l1xx_hal_spi.o
    0x08001ca6   0x00000002   PAD
    0x08001ca8   0x000000a8   Code   RO          325    i.HAL_SPI_MspInit   spi.o
    0x08001d50   0x00000028   Code   RO         2053    i.HAL_SYSTICK_Config  stm32l1xx_hal_cortex.o
    0x08001d78   0x00000058   Code   RO         2926    i.HAL_UART_DMAStop  stm32l1xx_hal_uart.o
    0x08001dd0   0x00000002   Code   RO         2928    i.HAL_UART_ErrorCallback  stm32l1xx_hal_uart.o
    0x08001dd2   0x00000002   PAD
    0x08001dd4   0x00000110   Code   RO         2931    i.HAL_UART_IRQHandler  stm32l1xx_hal_uart.o
    0x08001ee4   0x00000062   Code   RO         2932    i.HAL_UART_Init     stm32l1xx_hal_uart.o
    0x08001f46   0x00000002   PAD
    0x08001f48   0x0000017c   Code   RO          373    i.HAL_UART_MspInit  usart.o
    0x080020c4   0x00000098   Code   RO         2936    i.HAL_UART_Receive_DMA  stm32l1xx_hal_uart.o
    0x0800215c   0x00000002   Code   RO         2938    i.HAL_UART_RxCpltCallback  stm32l1xx_hal_uart.o
    0x0800215e   0x00000002   Code   RO         2939    i.HAL_UART_RxHalfCpltCallback  stm32l1xx_hal_uart.o
    0x08002160   0x00000080   Code   RO         2941    i.HAL_UART_Transmit_DMA  stm32l1xx_hal_uart.o
    0x080021e0   0x00000044   Code   RO          374    i.HAL_UART_TxCpltCallback  usart.o
    0x08002224   0x00000002   Code   RO         2944    i.HAL_UART_TxHalfCpltCallback  stm32l1xx_hal_uart.o
    0x08002226   0x00000002   Code   RO          450    i.HardFault_Handler  stm32l1xx_it.o
    0x08002228   0x00000048   Code   RO         3271    i.I2C_SHT30_Ack     driver_iic_sht30.o
    0x08002270   0x00000038   Code   RO         3272    i.I2C_SHT30_Init    driver_iic_sht30.o
    0x080022a8   0x00000048   Code   RO         3273    i.I2C_SHT30_NAck    driver_iic_sht30.o
    0x080022f0   0x00000074   Code   RO         3274    i.I2C_SHT30_ReadByte  driver_iic_sht30.o
    0x08002364   0x00000074   Code   RO         3275    i.I2C_SHT30_SendByte  driver_iic_sht30.o
    0x080023d8   0x00000048   Code   RO         3276    i.I2C_SHT30_Start   driver_iic_sht30.o
    0x08002420   0x0000004c   Code   RO         3277    i.I2C_SHT30_Stop    driver_iic_sht30.o
    0x0800246c   0x00000068   Code   RO         3278    i.I2C_SHT30_WaitAck  driver_iic_sht30.o
    0x080024d4   0x00000030   Code   RO         3824    i.LoRa_GetAppID     lora_driver.o
    0x08002504   0x00000030   Code   RO         3826    i.LoRa_GetDeviceAddress  lora_driver.o
    0x08002534   0x00000030   Code   RO         3827    i.LoRa_GetDeviceID  lora_driver.o
    0x08002564   0x0000006c   Code   RO         3831    i.LoRa_GetKey       lora_driver.o
    0x080025d0   0x0000000c   Code   RO         3840    i.LoRa_SetKey       lora_driver.o
    0x080025dc   0x00000034   Code   RO         3842    i.Lora_Ctx_Init     lora_driver.o
    0x08002610   0x0000001a   Code   RO         3858    i.Lora_Init         lora_driver.o
    0x0800262a   0x0000001e   Code   RO         3859    i.Lora_Join         lora_driver.o
    0x08002648   0x00000012   Code   RO         3863    i.Lora_SendDataBin  lora_driver.o
    0x0800265a   0x00000010   Code   RO         3864    i.Lora_SetATE       lora_driver.o
    0x0800266a   0x00000010   Code   RO         3865    i.Lora_SetAdaptiveDataRate  lora_driver.o
    0x0800267a   0x00000010   Code   RO         3866    i.Lora_SetClass     lora_driver.o
    0x0800268a   0x00000010   Code   RO         3867    i.Lora_SetDataRate  lora_driver.o
    0x0800269a   0x00000010   Code   RO         3872    i.Lora_SetJoinMode  lora_driver.o
    0x080026aa   0x00000010   Code   RO         3874    i.Lora_SetSendMsgConfirm  lora_driver.o
    0x080026ba   0x00000002   PAD
    0x080026bc   0x000003f0   Code   RO         3877    i.Lora_fsm          lora_driver.o
    0x08002aac   0x0000005c   Code   RO          258    i.MX_DMA_Init       dma.o
    0x08002b08   0x000000a4   Code   RO          217    i.MX_GPIO_Init      gpio.o
    0x08002bac   0x00000040   Code   RO          284    i.MX_I2C2_Init      i2c.o
    0x08002bec   0x00000044   Code   RO          326    i.MX_SPI1_Init      spi.o
    0x08002c30   0x00000044   Code   RO          327    i.MX_SPI2_Init      spi.o
    0x08002c74   0x00000050   Code   RO          375    i.MX_USART1_UART_Init  usart.o
    0x08002cc4   0x00000050   Code   RO          376    i.MX_USART2_UART_Init  usart.o
    0x08002d14   0x00000002   Code   RO          451    i.MemManage_Handler  stm32l1xx_it.o
    0x08002d16   0x00000002   PAD
    0x08002d18   0x000000bc   Code   RO         3655    i.Modem_AT_Cmd      lrwan_ns1_atcmd.o
    0x08002dd4   0x00000002   Code   RO          452    i.NMI_Handler       stm32l1xx_it.o
    0x08002dd6   0x00000002   Code   RO          453    i.PendSV_Handler    stm32l1xx_it.o
    0x08002dd8   0x00000080   Code   RO         1248    i.RCC_SetFlashLatencyFromMSIRange  stm32l1xx_hal_rcc.o
    0x08002e58   0x00000104   Code   RO         3351    i.ReadTemHumTaskInit  userapp_sht30.o
    0x08002f5c   0x000000bc   Code   RO         3352    i.Read_tempHum_valu  userapp_sht30.o
    0x08003018   0x00000024   Code   RO         3279    i.SDA_SHT30_IN      driver_iic_sht30.o
    0x0800303c   0x00000024   Code   RO         3280    i.SDA_SHT30_OUT     driver_iic_sht30.o
    0x08003060   0x00000038   Code   RO         3445    i.SEGGER_RTT_Write  segger_rtt.o
    0x08003098   0x0000005c   Code   RO         3446    i.SEGGER_RTT_WriteNoLock  segger_rtt.o
    0x080030f4   0x00000016   Code   RO         3615    i.SEGGER_RTT_printf  segger_rtt_printf.o
    0x0800310a   0x00000196   Code   RO         3616    i.SEGGER_RTT_vprintf  segger_rtt_printf.o
    0x080032a0   0x00000002   Code   RO          454    i.SVC_Handler       stm32l1xx_it.o
    0x080032a2   0x00000004   Code   RO          455    i.SysTick_Handler   stm32l1xx_it.o
    0x080032a6   0x00000002   PAD
    0x080032a8   0x00000074   Code   RO           14    i.SystemClock_Config  main.o
    0x0800331c   0x00000050   Code   RO         3234    i.SystemInit        system_stm32l1xx.o
    0x0800336c   0x0000007c   Code   RO          580    i.TestGPIO_InPut_Init  product_test.o
    0x080033e8   0x00000078   Code   RO          581    i.TestGPIO_OutPut_Init  product_test.o
    0x08003460   0x00000010   Code   RO         2945    i.UART_DMAAbortOnError  stm32l1xx_hal_uart.o
    0x08003470   0x0000004a   Code   RO         2946    i.UART_DMAError     stm32l1xx_hal_uart.o
    0x080034ba   0x0000003c   Code   RO         2947    i.UART_DMAReceiveCplt  stm32l1xx_hal_uart.o
    0x080034f6   0x0000000a   Code   RO         2949    i.UART_DMARxHalfCplt  stm32l1xx_hal_uart.o
    0x08003500   0x0000002e   Code   RO         2951    i.UART_DMATransmitCplt  stm32l1xx_hal_uart.o
    0x0800352e   0x0000000a   Code   RO         2953    i.UART_DMATxHalfCplt  stm32l1xx_hal_uart.o
    0x08003538   0x0000001c   Code   RO         2955    i.UART_EndRxTransfer  stm32l1xx_hal_uart.o
    0x08003554   0x00000012   Code   RO         2956    i.UART_EndTxTransfer  stm32l1xx_hal_uart.o
    0x08003566   0x00000096   Code   RO         2957    i.UART_Receive_IT   stm32l1xx_hal_uart.o
    0x080035fc   0x00000130   Code   RO         2958    i.UART_SetConfig    stm32l1xx_hal_uart.o
    0x0800372c   0x00000062   Code   RO         2959    i.UART_Transmit_IT  stm32l1xx_hal_uart.o
    0x0800378e   0x00000002   PAD
    0x08003790   0x00000018   Code   RO          456    i.USART1_IRQHandler  stm32l1xx_it.o
    0x080037a8   0x00000018   Code   RO          457    i.USART2_IRQHandler  stm32l1xx_it.o
    0x080037c0   0x00000002   Code   RO          458    i.UsageFault_Handler  stm32l1xx_it.o
    0x080037c2   0x00000002   PAD
    0x080037c4   0x00000024   Code   RO          377    i.Usart1SendData_DMA  usart.o
    0x080037e8   0x00000024   Code   RO          378    i.Usart2SendData_DMA  usart.o
    0x0800380c   0x000000a0   Code   RO          379    i.UsartReceive_IDLE  usart.o
    0x080038ac   0x00000068   Code   RO         3450    i._DoInit           segger_rtt.o
    0x08003914   0x00000016   Code   RO         3451    i._GetAvailWriteSpace  segger_rtt.o
    0x0800392a   0x00000002   PAD
    0x0800392c   0x000000c6   Code   RO         3617    i._PrintInt         segger_rtt_printf.o
    0x080039f2   0x00000002   PAD
    0x080039f4   0x000000d4   Code   RO         3618    i._PrintUnsigned    segger_rtt_printf.o
    0x08003ac8   0x0000003e   Code   RO         3619    i._StoreChar        segger_rtt_printf.o
    0x08003b06   0x0000005a   Code   RO         3453    i._WriteBlocking    segger_rtt.o
    0x08003b60   0x00000042   Code   RO         3454    i._WriteNoCheck     segger_rtt.o
    0x08003ba2   0x00000020   Code   RO         2055    i.__NVIC_SetPriority  stm32l1xx_hal_cortex.o
    0x08003bc2   0x0000000e   Code   RO         4305    i.__scatterload_copy  mc_w.l(handlers.o)
    0x08003bd0   0x00000002   Code   RO         4306    i.__scatterload_null  mc_w.l(handlers.o)
    0x08003bd2   0x0000000e   Code   RO         4307    i.__scatterload_zeroinit  mc_w.l(handlers.o)
    0x08003be0   0x0000054c   Code   RO         3656    i.at_cmd_format     lrwan_ns1_atcmd.o
    0x0800412c   0x00000120   Code   RO         3657    i.at_cmd_receive    lrwan_ns1_atcmd.o
    0x0800424c   0x00000014   Code   RO         3659    i.at_cmd_send       lrwan_ns1_atcmd.o
    0x08004260   0x00000028   Code   RO         3660    i.at_cmd_vprintf    lrwan_ns1_atcmd.o
    0x08004288   0x000000ac   Code   RO         3662    i.atctl_addr        lrwan_ns1_atcmd.o
    0x08004334   0x00000044   Code   RO         3663    i.atctl_at          lrwan_ns1_atcmd.o
    0x08004378   0x00000040   Code   RO         3664    i.atctl_channel     lrwan_ns1_atcmd.o
    0x080043b8   0x000000f4   Code   RO         3665    i.atctl_eui         lrwan_ns1_atcmd.o
    0x080044ac   0x00000074   Code   RO         3666    i.atctl_join        lrwan_ns1_atcmd.o
    0x08004520   0x00000158   Code   RO         3667    i.atctl_key         lrwan_ns1_atcmd.o
    0x08004678   0x00000068   Code   RO         3668    i.atctl_laddr       lrwan_ns1_atcmd.o
    0x080046e0   0x00000070   Code   RO         3669    i.atctl_mode        lrwan_ns1_atcmd.o
    0x08004750   0x00000078   Code   RO         3670    i.atctl_msg         lrwan_ns1_atcmd.o
    0x080047c8   0x000000f4   Code   RO         3671    i.atctl_parse       lrwan_ns1_atcmd.o
    0x080048bc   0x00000014   Code   RO         3672    i.atctl_reset       lrwan_ns1_atcmd.o
    0x080048d0   0x00000148   Code   RO         3675    i.atctl_statu       lrwan_ns1_atcmd.o
    0x08004a18   0x000000e0   Code   RO         3676    i.atctl_string      lrwan_ns1_atcmd.o
    0x08004af8   0x00000278   Code   RO         3677    i.atctl_value       lrwan_ns1_atcmd.o
    0x08004d70   0x00000058   Code   RO         3678    i.atctl_vdd         lrwan_ns1_atcmd.o
    0x08004dc8   0x0000002c   Code   RO         3679    i.atctl_ver         lrwan_ns1_atcmd.o
    0x08004df4   0x00000032   Code   RO         3353    i.crc_high_first    userapp_sht30.o
    0x08004e26   0x00000004   Code   RO          218    i.delay_ms          gpio.o
    0x08004e2a   0x00000004   Code   RO          219    i.delay_us          gpio.o
    0x08004e2e   0x00000002   PAD
    0x08004e30   0x000000f4   Code   RO         4204    i.ee_number         tiny_vsnprintf.o
    0x08004f24   0x0000000c   Code   RO          582    i.get_product_flag  product_test.o
    0x08004f30   0x00000164   Code   RO           15    i.main              main.o
    0x08005094   0x00000034   Code   RO         3879    i.print02x          lora_driver.o
    0x080050c8   0x0000029c   Code   RO          583    i.product_test_process  product_test.o
    0x08005364   0x000000d8   Code   RO          584    i.set_led_state     product_test.o
    0x0800543c   0x0000008c   Code   RO         3355    i.sht30_WR_data     userapp_sht30.o
    0x080054c8   0x00000032   Code   RO         3356    i.sht30_writeReg    userapp_sht30.o
    0x080054fa   0x00000012   Code   RO         4174    i.tiny_sscanf       tiny_sscanf.o
    0x0800550c   0x000001fc   Code   RO         4175    i.tiny_vfscanf      tiny_sscanf.o
    0x08005708   0x00000160   Code   RO         4205    i.tiny_vsnprintf_like  tiny_vsnprintf.o
    0x08005868   0x00000019   Data   RO         3235    .constdata          system_stm32l1xx.o
    0x08005881   0x00000008   Data   RO         3236    .constdata          system_stm32l1xx.o
    0x08005889   0x00000010   Data   RO         3620    .constdata          segger_rtt_printf.o
    0x08005899   0x00000003   PAD
    0x0800589c   0x00000368   Data   RO         3682    .constdata          lrwan_ns1_atcmd.o
    0x08005c04   0x00000040   Data   RO         4301    .constdata          mc_w.l(ctype_c.o)
    0x08005c44   0x000005a8   Data   RO         3683    .conststring        lrwan_ns1_atcmd.o
    0x080061ec   0x00000050   Data   RO         3881    .conststring        lora_driver.o
    0x0800623c   0x0000004d   Data   RO         4206    .conststring        tiny_vsnprintf.o
    0x08006289   0x00000003   PAD
    0x0800628c   0x00000020   Data   RO         4303    Region$$Table       anon$$obj.o


    Execution Region RW_IRAM1 (Base: 0x20000000, Size: 0x00001a58, Max: 0x00008000, ABSOLUTE, COMPRESSED[0x000000e0])

    Base Addr    Size         Type   Attr      Idx    E Section Name        Object

    0x20000000   0x00000010   Data   RW          587    .data               product_test.o
    0x20000010   0x0000000c   Data   RW         1085    .data               stm32l1xx_hal.o
    0x2000001c   0x00000004   Data   RW         3237    .data               system_stm32l1xx.o
    0x20000020   0x00000001   Data   RW         3360    .data               userapp_sht30.o
    0x20000021   0x00000003   PAD
    0x20000024   0x00000104   Data   RW         3684    .data               lrwan_ns1_atcmd.o
    0x20000128   0x00000040   Data   RW         3883    .data               lora_driver.o
    0x20000168   0x00000014   Data   RW         3884    .data               lora_driver.o
    0x2000017c   0x00000008   Data   RW         4207    .data               tiny_vsnprintf.o
    0x20000184   0x00000054   Zero   RW          285    .bss                i2c.o
    0x200001d8   0x000000b0   Zero   RW          328    .bss                spi.o
    0x20000288   0x00000698   Zero   RW          380    .bss                usart.o
    0x20000920   0x00000100   Zero   RW          586    .bss                product_test.o
    0x20000a20   0x0000001e   Zero   RW         3357    .bss                userapp_sht30.o
    0x20000a3e   0x00000002   PAD
    0x20000a40   0x000004b8   Zero   RW         3455    .bss                segger_rtt.o
    0x20000ef8   0x00000658   Zero   RW         3681    .bss                lrwan_ns1_atcmd.o
    0x20001550   0x00000103   Zero   RW         3880    .bss                lora_driver.o
    0x20001653   0x00000005   PAD
    0x20001658   0x00000400   Zero   RW            1    STACK               startup_stm32l151xba.o


==============================================================================

Image component sizes


      Code (inc. data)   RO Data    RW Data    ZI Data      Debug   Object Name

        92          4          0          0          0        706   dma.o
       756         50          0          0          0       6460   driver_iic_sht30.o
       244          8          0          0          0       2599   gpio.o
       172         28          0          0         84       1501   i2c.o
      1546        444         80         84        259      11312   lora_driver.o
      4816       1068       2320        260       1624      22956   lrwan_ns1_atcmd.o
       474        178          0          0          0     363492   main.o
      1140        308          0         16        256       3363   product_test.o
       430         40          0          0       1208       8134   segger_rtt.o
       900          6         16          0          0       5493   segger_rtt_printf.o
       304         38          0          0        176       2122   spi.o
        36          8        244          0       1024        780   startup_stm32l151xba.o
       162         24          0         12          0       3661   stm32l1xx_hal.o
       198         14          0          0          0      30475   stm32l1xx_hal_cortex.o
       588          8          0          0          0       4710   stm32l1xx_hal_dma.o
       428         32          0          0          0       3404   stm32l1xx_hal_gpio.o
       372         16          0          0          0       2867   stm32l1xx_hal_i2c.o
        60          4          0          0          0        794   stm32l1xx_hal_msp.o
      1772        114          0          0          0       5984   stm32l1xx_hal_rcc.o
       288         12          0          0          0       1356   stm32l1xx_hal_rcc_ex.o
       114          0          0          0          0       1051   stm32l1xx_hal_spi.o
      1560         38          0          0          0      12843   stm32l1xx_hal_uart.o
       116         36          0          0          0       6082   stm32l1xx_it.o
        80         18         33          4          0       1123   system_stm32l1xx.o
       526         16          0          0          0       3430   tiny_sscanf.o
       596         16         77          8          0       3990   tiny_vsnprintf.o
       840         90          0          0       1688       5353   usart.o
       712         88          0          1         30       5405   userapp_sht30.o

    ----------------------------------------------------------------------
     19352       2706       2808        388       6356     521446   Object Totals
         0          0         32          0          0          0   (incl. Generated)
        30          0          6          3          7          0   (incl. Padding)

    ----------------------------------------------------------------------

      Code (inc. data)   RO Data    RW Data    ZI Data      Debug   Library Member Name

        56          8          0          0          0         84   __0sscanf.o
        86          0          0          0          0          0   __dczerorl2.o
        28          0          0          0          0         68   _chval.o
       812          4          0          0          0        112   _scanf.o
       332          0          0          0          0         96   _scanf_int.o
       224          0          0          0          0         96   _scanf_str.o
        64          0          0          0          0         84   _sgetc.o
        40          6         64          0          0         68   ctype_c.o
         0          0          0          0          0          0   entry.o
         0          0          0          0          0          0   entry10a.o
         0          0          0          0          0          0   entry11a.o
         8          4          0          0          0          0   entry2.o
         4          0          0          0          0          0   entry5.o
         0          0          0          0          0          0   entry7b.o
         0          0          0          0          0          0   entry8b.o
         8          4          0          0          0          0   entry9a.o
        30          0          0          0          0          0   handlers.o
        36          8          0          0          0         68   init.o
        10          0          0          0          0         68   isspace_c.o
         0          0          0          0          0          0   iusefp.o
        30          0          0          0          0         68   llshl.o
        36          0          0          0          0         68   llsshr.o
        32          0          0          0          0         68   llushr.o
        26          0          0          0          0         80   memcmp.o
        36          0          0          0          0         68   memcpya.o
        36          0          0          0          0        108   memseta.o
        40          8          0          0          0         84   scanf_char.o
        18          0          0          0          0         68   strcpy.o
        14          0          0          0          0         68   strlen.o
        50          0          0          0          0         84   strncasecmp.o
        12          0          0          0          0         68   tolower.o
        56          0          0          0          0         88   d2f.o
       334          0          0          0          0        148   dadd.o
       222          0          0          0          0        100   ddiv.o
       186          0          0          0          0        176   depilogue.o
        38          0          0          0          0         68   f2d.o
       110          0          0          0          0        168   fepilogue.o
        18          0          0          0          0         68   fflti.o

    ----------------------------------------------------------------------
      3036         42         64          0          0       2392   Library Totals
         4          0          0          0          0          0   (incl. Padding)

    ----------------------------------------------------------------------

      Code (inc. data)   RO Data    RW Data    ZI Data      Debug   Library Name

      2068         42         64          0          0       1576   mc_w.l
       964          0          0          0          0        816   mf_w.l

    ----------------------------------------------------------------------
      3036         42         64          0          0       2392   Library Totals

    ----------------------------------------------------------------------

==============================================================================


      Code (inc. data)   RO Data    RW Data    ZI Data      Debug   

     22388       2748       2872        388       6356     514554   Grand Totals
     22388       2748       2872        224       6356     514554   ELF Image Totals (compressed)
     22388       2748       2872        224          0          0   ROM Totals

==============================================================================

    Total RO  Size (Code + RO Data)                25260 (  24.67kB)
    Total RW  Size (RW Data + ZI Data)              6744 (   6.59kB)
    Total ROM Size (Code + RO Data + RW Data)      25484 (  24.89kB)

==============================================================================

